Archive member included to satisfy reference by file (symbol)

/Applications/STM32CubeIDE.app/Contents/Eclipse/plugins/com.st.stm32cube.ide.mcu.externaltools.gnu-tools-for-stm32.13.3.rel1.macos64_1.0.0.202411102158/tools/bin/../lib/gcc/arm-none-eabi/13.3.1/../../../../arm-none-eabi/lib/thumb/v7-m/nofp/libc_nano.a(libc_a-exit.o)
                              /Applications/STM32CubeIDE.app/Contents/Eclipse/plugins/com.st.stm32cube.ide.mcu.externaltools.gnu-tools-for-stm32.13.3.rel1.macos64_1.0.0.202411102158/tools/bin/../lib/gcc/arm-none-eabi/13.3.1/../../../../arm-none-eabi/lib/thumb/v7-m/nofp/crt0.o (exit)
/Applications/STM32CubeIDE.app/Contents/Eclipse/plugins/com.st.stm32cube.ide.mcu.externaltools.gnu-tools-for-stm32.13.3.rel1.macos64_1.0.0.202411102158/tools/bin/../lib/gcc/arm-none-eabi/13.3.1/../../../../arm-none-eabi/lib/thumb/v7-m/nofp/libc_nano.a(libc_a-findfp.o)
                              /Applications/STM32CubeIDE.app/Contents/Eclipse/plugins/com.st.stm32cube.ide.mcu.externaltools.gnu-tools-for-stm32.13.3.rel1.macos64_1.0.0.202411102158/tools/bin/../lib/gcc/arm-none-eabi/13.3.1/../../../../arm-none-eabi/lib/thumb/v7-m/nofp/libc_nano.a(libc_a-exit.o) (__stdio_exit_handler)
/Applications/STM32CubeIDE.app/Contents/Eclipse/plugins/com.st.stm32cube.ide.mcu.externaltools.gnu-tools-for-stm32.13.3.rel1.macos64_1.0.0.202411102158/tools/bin/../lib/gcc/arm-none-eabi/13.3.1/../../../../arm-none-eabi/lib/thumb/v7-m/nofp/libc_nano.a(libc_a-fwalk.o)
                              /Applications/STM32CubeIDE.app/Contents/Eclipse/plugins/com.st.stm32cube.ide.mcu.externaltools.gnu-tools-for-stm32.13.3.rel1.macos64_1.0.0.202411102158/tools/bin/../lib/gcc/arm-none-eabi/13.3.1/../../../../arm-none-eabi/lib/thumb/v7-m/nofp/libc_nano.a(libc_a-findfp.o) (_fwalk_sglue)
/Applications/STM32CubeIDE.app/Contents/Eclipse/plugins/com.st.stm32cube.ide.mcu.externaltools.gnu-tools-for-stm32.13.3.rel1.macos64_1.0.0.202411102158/tools/bin/../lib/gcc/arm-none-eabi/13.3.1/../../../../arm-none-eabi/lib/thumb/v7-m/nofp/libc_nano.a(libc_a-memset.o)
                              /Applications/STM32CubeIDE.app/Contents/Eclipse/plugins/com.st.stm32cube.ide.mcu.externaltools.gnu-tools-for-stm32.13.3.rel1.macos64_1.0.0.202411102158/tools/bin/../lib/gcc/arm-none-eabi/13.3.1/../../../../arm-none-eabi/lib/thumb/v7-m/nofp/crt0.o (memset)
/Applications/STM32CubeIDE.app/Contents/Eclipse/plugins/com.st.stm32cube.ide.mcu.externaltools.gnu-tools-for-stm32.13.3.rel1.macos64_1.0.0.202411102158/tools/bin/../lib/gcc/arm-none-eabi/13.3.1/../../../../arm-none-eabi/lib/thumb/v7-m/nofp/libc_nano.a(libc_a-errno.o)
                              ./Core/Src/syscalls.o (__errno)
/Applications/STM32CubeIDE.app/Contents/Eclipse/plugins/com.st.stm32cube.ide.mcu.externaltools.gnu-tools-for-stm32.13.3.rel1.macos64_1.0.0.202411102158/tools/bin/../lib/gcc/arm-none-eabi/13.3.1/../../../../arm-none-eabi/lib/thumb/v7-m/nofp/libc_nano.a(libc_a-init.o)
                              /Applications/STM32CubeIDE.app/Contents/Eclipse/plugins/com.st.stm32cube.ide.mcu.externaltools.gnu-tools-for-stm32.13.3.rel1.macos64_1.0.0.202411102158/tools/bin/../lib/gcc/arm-none-eabi/13.3.1/../../../../arm-none-eabi/lib/thumb/v7-m/nofp/crt0.o (__libc_init_array)
/Applications/STM32CubeIDE.app/Contents/Eclipse/plugins/com.st.stm32cube.ide.mcu.externaltools.gnu-tools-for-stm32.13.3.rel1.macos64_1.0.0.202411102158/tools/bin/../lib/gcc/arm-none-eabi/13.3.1/../../../../arm-none-eabi/lib/thumb/v7-m/nofp/libc_nano.a(libc_a-lock.o)
                              /Applications/STM32CubeIDE.app/Contents/Eclipse/plugins/com.st.stm32cube.ide.mcu.externaltools.gnu-tools-for-stm32.13.3.rel1.macos64_1.0.0.202411102158/tools/bin/../lib/gcc/arm-none-eabi/13.3.1/../../../../arm-none-eabi/lib/thumb/v7-m/nofp/libc_nano.a(libc_a-findfp.o) (__retarget_lock_init_recursive)
/Applications/STM32CubeIDE.app/Contents/Eclipse/plugins/com.st.stm32cube.ide.mcu.externaltools.gnu-tools-for-stm32.13.3.rel1.macos64_1.0.0.202411102158/tools/bin/../lib/gcc/arm-none-eabi/13.3.1/../../../../arm-none-eabi/lib/thumb/v7-m/nofp/libc_nano.a(libc_a-impure.o)
                              /Applications/STM32CubeIDE.app/Contents/Eclipse/plugins/com.st.stm32cube.ide.mcu.externaltools.gnu-tools-for-stm32.13.3.rel1.macos64_1.0.0.202411102158/tools/bin/../lib/gcc/arm-none-eabi/13.3.1/../../../../arm-none-eabi/lib/thumb/v7-m/nofp/libc_nano.a(libc_a-errno.o) (_impure_ptr)
/Applications/STM32CubeIDE.app/Contents/Eclipse/plugins/com.st.stm32cube.ide.mcu.externaltools.gnu-tools-for-stm32.13.3.rel1.macos64_1.0.0.202411102158/tools/bin/../lib/gcc/arm-none-eabi/13.3.1/../../../../arm-none-eabi/lib/thumb/v7-m/nofp/libc_nano.a(libc_a-mallocr.o)
                              /Applications/STM32CubeIDE.app/Contents/Eclipse/plugins/com.st.stm32cube.ide.mcu.externaltools.gnu-tools-for-stm32.13.3.rel1.macos64_1.0.0.202411102158/tools/bin/../lib/gcc/arm-none-eabi/13.3.1/../../../../arm-none-eabi/lib/thumb/v7-m/nofp/libc_nano.a(libc_a-findfp.o) (_malloc_r)
[...]
Memory Configuration

Name             Origin             Length             Attributes
RAM              0x20000000         0x00005000         xrw
FLASH            0x08000000         0x00010000         xr
*default*        0x00000000         0xffffffff

Linker script and memory map

LOAD /Applications/STM32CubeIDE.app/Contents/Eclipse/plugins/com.st.stm32cube.ide.mcu.externaltools.gnu-tools-for-stm32.13.3.rel1.macos64_1.0.0.202411102158/tools/bin/../lib/gcc/arm-none-eabi/13.3.1/thumb/v7-m/nofp/crti.o
LOAD /Applications/STM32CubeIDE.app/Contents/Eclipse/plugins/com.st.stm32cube.ide.mcu.externaltools.gnu-tools-for-stm32.13.3.rel1.macos64_1.0.0.202411102158/tools/bin/../lib/gcc/arm-none-eabi/13.3.1/thumb/v7-m/nofp/crtbegin.o
LOAD /Applications/STM32CubeIDE.app/Contents/Eclipse/plugins/com.st.stm32cube.ide.mcu.externaltools.gnu-tools-for-stm32.13.3.rel1.macos64_1.0.0.202411102158/tools/bin/../lib/gcc/arm-none-eabi/13.3.1/../../../../arm-none-eabi/lib/thumb/v7-m/nofp/crt0.o
LOAD ./Core/Src/callbacks.o
LOAD ./Core/Src/command_handler.o
LOAD ./Core/Src/dma.o
LOAD ./Core/Src/flash_utils.o
LOAD ./Core/Src/gpio.o
LOAD ./Core/Src/i2c.o
LOAD ./Core/Src/lis3dhtr.o
LOAD ./Core/Src/main.o
LOAD ./Core/Src/rtc.o
LOAD ./Core/Src/sensors_data.o
LOAD ./Core/Src/serial_parser.o
LOAD ./Core/Src/sht40.o
LOAD ./Core/Src/stm32f1xx_hal_msp.o
LOAD ./Core/Src/stm32f1xx_it.o
LOAD ./Core/Src/syscalls.o
LOAD ./Core/Src/sysmem.o
LOAD ./Core/Src/system_stm32f1xx.o
LOAD ./Core/Src/tim.o
LOAD ./Core/Src/time_utils.o
LOAD ./Core/Src/usart.o
LOAD ./Core/Src/usart_io.o
LOAD ./Core/Startup/startup_stm32f103c8tx.o
LOAD ./Drivers/STM32F1xx_HAL_Driver/Src/stm32f1xx_hal.o
LOAD ./Drivers/STM32F1xx_HAL_Driver/Src/stm32f1xx_hal_cortex.o
LOAD ./Drivers/STM32F1xx_HAL_Driver/Src/stm32f1xx_hal_dma.o
LOAD ./Drivers/STM32F1xx_HAL_Driver/Src/stm32f1xx_hal_exti.o
LOAD ./Drivers/STM32F1xx_HAL_Driver/Src/stm32f1xx_hal_flash.o
LOAD ./Drivers/STM32F1xx_HAL_Driver/Src/stm32f1xx_hal_flash_ex.o
LOAD ./Drivers/STM32F1xx_HAL_Driver/Src/stm32f1xx_hal_gpio.o
LOAD ./Drivers/STM32F1xx_HAL_Driver/Src/stm32f1xx_hal_gpio_ex.o
LOAD ./Drivers/STM32F1xx_HAL_Driver/Src/stm32f1xx_hal_i2c.o
LOAD ./Drivers/STM32F1xx_HAL_Driver/Src/stm32f1xx_hal_pwr.o
LOAD ./Drivers/STM32F1xx_HAL_Driver/Src/stm32f1xx_hal_rcc.o
LOAD ./Drivers/STM32F1xx_HAL_Driver/Src/stm32f1xx_hal_rcc_ex.o
LOAD ./Drivers/STM32F1xx_HAL_Driver/Src/stm32f1xx_hal_rtc.o
LOAD ./Drivers/STM32F1xx_HAL_Driver/Src/stm32f1xx_hal_rtc_ex.o
LOAD ./Drivers/STM32F1xx_HAL_Driver/Src/stm32f1xx_hal_tim.o
LOAD ./Drivers/STM32F1xx_HAL_Driver/Src/stm32f1xx_hal_tim_ex.o
LOAD ./Drivers/STM32F1xx_HAL_Driver/Src/stm32f1xx_hal_uart.o
START GROUP
LOAD /Applications/STM32CubeIDE.app/Contents/Eclipse/plugins/com.st.stm32cube.ide.mcu.externaltools.gnu-tools-for-stm32.13.3.rel1.macos64_1.0.0.202411102158/tools/bin/../lib/gcc/arm-none-eabi/13.3.1/../../../../arm-none-eabi/lib/thumb/v7-m/nofp/libc_nano.a
LOAD /Applications/STM32CubeIDE.app/Contents/Eclipse/plugins/com.st.stm32cube.ide.mcu.externaltools.gnu-tools-for-stm32.13.3.rel1.macos64_1.0.0.202411102158/tools/bin/../lib/gcc/arm-none-eabi/13.3.1/../../../../arm-none-eabi/lib/thumb/v7-m/nofp/libm.a
END GROUP
START GROUP
LOAD /Applications/STM32CubeIDE.app/Contents/Eclipse/plugins/com.st.stm32cube.ide.mcu.externaltools.gnu-tools-for-stm32.13.3.rel1.macos64_1.0.0.202411102158/tools/bin/../lib/gcc/arm-none-eabi/13.3.1/thumb/v7-m/nofp/libgcc.a
LOAD /Applications/STM32CubeIDE.app/Contents/Eclipse/plugins/com.st.stm32cube.ide.mcu.externaltools.gnu-tools-for-stm32.13.3.rel1.macos64_1.0.0.202411102158/tools/bin/../lib/gcc/arm-none-eabi/13.3.1/../../../../arm-none-eabi/lib/thumb/v7-m/nofp/libc_nano.a
END GROUP
START GROUP
LOAD /Applications/STM32CubeIDE.app/Contents/Eclipse/plugins/com.st.stm32cube.ide.mcu.externaltools.gnu-tools-for-stm32.13.3.rel1.macos64_1.0.0.202411102158/tools/bin/../lib/gcc/arm-none-eabi/13.3.1/thumb/v7-m/nofp/libgcc.a
LOAD /Applications/STM32CubeIDE.app/Contents/Eclipse/plugins/com.st.stm32cube.ide.mcu.externaltools.gnu-tools-for-stm32.13.3.rel1.macos64_1.0.0.202411102158/tools/bin/../lib/gcc/arm-none-eabi/13.3.1/../../../../arm-none-eabi/lib/thumb/v7-m/nofp/libc_nano.a
LOAD /Applications/STM32CubeIDE.app/Contents/Eclipse/plugins/com.st.stm32cube.ide.mcu.externaltools.gnu-tools-for-stm32.13.3.rel1.macos64_1.0.0.202411102158/tools/bin/../lib/gcc/arm-none-eabi/13.3.1/../../../../arm-none-eabi/lib/thumb/v7-m/nofp/libnosys.a
END GROUP
START GROUP
LOAD /Applications/STM32CubeIDE.app/Contents/Eclipse/plugins/com.st.stm32cube.ide.mcu.externaltools.gnu-tools-for-stm32.13.3.rel1.macos64_1.0.0.202411102158/tools/bin/../lib/gcc/arm-none-eabi/13.3.1/thumb/v7-m/nofp/libgcc.a
LOAD /Applications/STM32CubeIDE.app/Contents/Eclipse/plugins/com.st.stm32cube.ide.mcu.externaltools.gnu-tools-for-stm32.13.3.rel1.macos64_1.0.0.202411102158/tools/bin/../lib/gcc/arm-none-eabi/13.3.1/../../../../arm-none-eabi/lib/thumb/v7-m/nofp/libc_nano.a
LOAD /Applications/STM32CubeIDE.app/Contents/Eclipse/plugins/com.st.stm32cube.ide.mcu.externaltools.gnu-tools-for-stm32.13.3.rel1.macos64_1.0.0.202411102158/tools/bin/../lib/gcc/arm-none-eabi/13.3.1/../../../../arm-none-eabi/lib/thumb/v7-m/nofp/libnosys.a
END GROUP
LOAD /Applications/STM32CubeIDE.app/Contents/Eclipse/plugins/com.st.stm32cube.ide.mcu.externaltools.gnu-tools-for-stm32.13.3.rel1.macos64_1.0.0.202411102158/tools/bin/../lib/gcc/arm-none-eabi/13.3.1/thumb/v7-m/nofp/crtend.o
LOAD /Applications/STM32CubeIDE.app/Contents/Eclipse/plugins/com.st.stm32cube.ide.mcu.externaltools.gnu-tools-for-stm32.13.3.rel1.macos64_1.0.0.202411102158/tools/bin/../lib/gcc/arm-none-eabi/13.3.1/thumb/v7-m/nofp/crtn.o
                0x20005000                        _estack = (ORIGIN (RAM) + LENGTH (RAM))
                0x00000200                        _Min_Heap_Size = 0x200
                0x00000400                        _Min_Stack_Size = 0x400

.isr_vector     0x08000000      0x10c
                0x08000000                        . = ALIGN (0x4)
 *(.isr_vector)
 .isr_vector    0x08000000      0x10c ./Core/Startup/startup_stm32f103c8tx.o
                0x08000000                g_pfnVectors
                0x0800010c                        . = ALIGN (0x4)

.text           0x0800010c     0x9760
                0x0800010c                        . = ALIGN (0x4)
 *(.text)
 .text          0x0800010c       0x40 /Applications/STM32CubeIDE.app/Contents/Eclipse/plugins/com.st.stm32cube.ide.mcu.externaltools.gnu-tools-for-stm32.13.3.rel1.macos64_1.0.0.202411102158/tools/bin/../lib/gcc/arm-none-eabi/13.3.1/thumb/v7-m/nofp/crtbegin.o
 .text          0x0800014c      0x21c /Applications/STM32CubeIDE.app/Contents/Eclipse/plugins/com.st.stm32cube.ide.mcu.externaltools.gnu-tools-for-stm32.13.3.rel1.macos64_1.0.0.202411102158/tools/bin/../lib/gcc/arm-none-eabi/13.3.1/thumb/v7-m/nofp/libgcc.a(_arm_addsubsf3.o)
                0x0800014c                __aeabi_frsub
                0x08000154                __aeabi_fsub
                0x08000154                __subsf3
                0x08000158                __aeabi_fadd
                0x08000158                __addsf3
                0x080002b8                __aeabi_ui2f
                0x080002b8                __floatunsisf
                0x080002c0                __floatsisf
                0x080002c0                __aeabi_i2f
                0x080002dc                __aeabi_ul2f
                0x080002dc                __floatundisf
                0x080002ec                __aeabi_l2f
                0x080002ec                __floatdisf
 .text          0x08000368      0x2a0 /Applications/STM32CubeIDE.app/Contents/Eclipse/plugins/com.st.stm32cube.ide.mcu.externaltools.gnu-tools-for-stm32.13.3.rel1.macos64_1.0.0.202411102158/tools/bin/../lib/gcc/arm-none-eabi/13.3.1/thumb/v7-m/nofp/libgcc.a(_arm_muldivsf3.o)
                0x08000368                __mulsf3
                0x08000368                __aeabi_fmul
                0x080004d0                __divsf3
                0x080004d0                __aeabi_fdiv
 .text          0x08000608       0x4c /Applications/STM32CubeIDE.app/Contents/Eclipse/plugins/com.st.stm32cube.ide.mcu.externaltools.gnu-tools-for-stm32.13.3.rel1.macos64_1.0.0.202411102158/tools/bin/../lib/gcc/arm-none-eabi/13.3.1/thumb/v7-m/nofp/libgcc.a(_arm_fixsfsi.o)
                0x08000608                __fixsfsi
                0x08000608                __aeabi_f2iz
 *(.text*)
 .text.HAL_TIM_PeriodElapsedCallback
                0x08000654      0x10c ./Core/Src/callbacks.o
                0x08000654                HAL_TIM_PeriodElapsedCallback
 .text.HAL_UART_TxCpltCallback
                0x08000760       0x2c ./Core/Src/callbacks.o
                0x08000760                HAL_UART_TxCpltCallback
 .text.HAL_UART_RxCpltCallback
                0x0800078c       0x3c ./Core/Src/callbacks.o
                0x0800078c                HAL_UART_RxCpltCallback
 .text.handleSetupAccel
                0x080007c8       0xcc ./Core/Src/command_handler.o
                0x080007c8                handleSetupAccel
 .text.handleCommand
                0x08000894      0x1fc ./Core/Src/command_handler.o
                0x08000894                handleCommand
 .text.MX_DMA_Init
                0x08000a90       0x7c ./Core/Src/dma.o
                0x08000a90                MX_DMA_Init
 .text.saveA_msToFlash
                0x08000b0c      0x180 ./Core/Src/flash_utils.o
                0x08000b0c                saveA_msToFlash
 .text.loadA_msFromFlash
                0x08000c8c       0x9c ./Core/Src/flash_utils.o
                0x08000c8c                loadA_msFromFlash
 .text.resetA_ms
                0x08000d28       0x24 ./Core/Src/flash_utils.o
                0x08000d28                resetA_ms
 .text.MX_GPIO_Init
                0x08000d4c       0x98 ./Core/Src/gpio.o
                0x08000d4c                MX_GPIO_Init
 .text.MX_I2C1_Init
                0x08000de4       0x5c ./Core/Src/i2c.o
                0x08000de4                MX_I2C1_Init
 .text.HAL_I2C_MspInit
                0x08000e40      0x14c ./Core/Src/i2c.o
                0x08000e40                HAL_I2C_MspInit
 .text.LIS3DHTR_Init
                0x08000f8c       0x74 ./Core/Src/lis3dhtr.o
                0x08000f8c                LIS3DHTR_Init
 .text.LIS3DHTR_Presence
                0x08001000       0x48 ./Core/Src/lis3dhtr.o
                0x08001000                LIS3DHTR_Presence
 .text.getMgDigit
                0x08001048       0x54 ./Core/Src/lis3dhtr.o
                0x08001048                getMgDigit
 .text.LIS3DHTR_DataReady
                0x0800109c       0x44 ./Core/Src/lis3dhtr.o
                0x0800109c                LIS3DHTR_DataReady
 .text.LIS3DHTR_Read
                0x080010e0      0x194 ./Core/Src/lis3dhtr.o
                0x080010e0                LIS3DHTR_Read
 .text.LIS3DHTR_SetODR
                0x08001274       0x80 ./Core/Src/lis3dhtr.o
                0x08001274                LIS3DHTR_SetODR
 .text.LIS3DHTR_SetFullScale
                0x080012f4       0x8c ./Core/Src/lis3dhtr.o
                0x080012f4                LIS3DHTR_SetFullScale
 .text.LIS3DHTR_SetAxes
                0x08001380       0x8c ./Core/Src/lis3dhtr.o
                0x08001380                LIS3DHTR_SetAxes
 .text.main     0x0800140c       0x2c ./Core/Src/main.o
                0x0800140c                main
 .text.SystemClock_Config
                0x08001438       0xbc ./Core/Src/main.o
                0x08001438                SystemClock_Config
 .text.TestInit
                0x080014f4       0x80 ./Core/Src/main.o
                0x080014f4                TestInit
 .text.Error_Handler
                0x08001574       0x18 ./Core/Src/main.o
                0x08001574                Error_Handler
 .text.MX_RTC_Init
                0x0800158c       0x94 ./Core/Src/rtc.o
                0x0800158c                MX_RTC_Init
 .text.HAL_RTC_MspInit
                0x08001620       0x48 ./Core/Src/rtc.o
                0x08001620                HAL_RTC_MspInit
 .text.updateMaxValues
                0x08001668      0x170 ./Core/Src/sensors_data.o
                0x08001668                updateMaxValues
 .text.Parser_Init
                0x080017d8       0x18 ./Core/Src/serial_parser.o
                0x080017d8                Parser_Init
 .text.Parser_ProcessByte
                0x080017f0       0xb4 ./Core/Src/serial_parser.o
                0x080017f0                Parser_ProcessByte
 .text.SHT40_Init
                0x080018a4       0x3a ./Core/Src/sht40.o
                0x080018a4                SHT40_Init
 .text.SHT40_MeasureRequest
                0x080018de       0x34 ./Core/Src/sht40.o
                0x080018de                SHT40_MeasureRequest
 .text.SHT40_Read
                0x08001912       0x52 ./Core/Src/sht40.o
                0x08001912                SHT40_Read
 .text.HAL_MspInit
                0x08001964       0x64 ./Core/Src/stm32f1xx_hal_msp.o
                0x08001964                HAL_MspInit
 .text.NMI_Handler
                0x080019c8        0x8 ./Core/Src/stm32f1xx_it.o
                0x080019c8                NMI_Handler
 .text.HardFault_Handler
                0x080019d0        0x8 ./Core/Src/stm32f1xx_it.o
                0x080019d0                HardFault_Handler
 .text.MemManage_Handler
                0x080019d8        0x8 ./Core/Src/stm32f1xx_it.o
                0x080019d8                MemManage_Handler
 .text.BusFault_Handler
                0x080019e0        0x8 ./Core/Src/stm32f1xx_it.o
                0x080019e0                BusFault_Handler
 .text.UsageFault_Handler
                0x080019e8        0x8 ./Core/Src/stm32f1xx_it.o
                0x080019e8                UsageFault_Handler
 .text.SVC_Handler
                0x080019f0        0xc ./Core/Src/stm32f1xx_it.o
                0x080019f0                SVC_Handler
 .text.DebugMon_Handler
                0x080019fc        0xc ./Core/Src/stm32f1xx_it.o
                0x080019fc                DebugMon_Handler
 .text.PendSV_Handler
                0x08001a08        0xc ./Core/Src/stm32f1xx_it.o
                0x08001a08                PendSV_Handler
 .text.SysTick_Handler
                0x08001a14        0xc ./Core/Src/stm32f1xx_it.o
                0x08001a14                SysTick_Handler
 .text.DMA1_Channel2_IRQHandler
                0x08001a20       0x14 ./Core/Src/stm32f1xx_it.o
                0x08001a20                DMA1_Channel2_IRQHandler
 .text.DMA1_Channel4_IRQHandler
                0x08001a34       0x14 ./Core/Src/stm32f1xx_it.o
                0x08001a34                DMA1_Channel4_IRQHandler
 .text.DMA1_Channel5_IRQHandler
                0x08001a48       0x14 ./Core/Src/stm32f1xx_it.o
                0x08001a48                DMA1_Channel5_IRQHandler
 .text.DMA1_Channel6_IRQHandler
                0x08001a5c       0x14 ./Core/Src/stm32f1xx_it.o
                0x08001a5c                DMA1_Channel6_IRQHandler
 .text.DMA1_Channel7_IRQHandler
                0x08001a70       0x14 ./Core/Src/stm32f1xx_it.o
                0x08001a70                DMA1_Channel7_IRQHandler
 .text.TIM2_IRQHandler
                0x08001a84       0x14 ./Core/Src/stm32f1xx_it.o
                0x08001a84                TIM2_IRQHandler
 .text.I2C1_EV_IRQHandler
                0x08001a98       0x14 ./Core/Src/stm32f1xx_it.o
                0x08001a98                I2C1_EV_IRQHandler
 .text.I2C1_ER_IRQHandler
                0x08001aac       0x14 ./Core/Src/stm32f1xx_it.o
                0x08001aac                I2C1_ER_IRQHandler
 .text.USART1_IRQHandler
                0x08001ac0       0x14 ./Core/Src/stm32f1xx_it.o
                0x08001ac0                USART1_IRQHandler
 .text.SystemInit
                0x08001ad4        0xc ./Core/Src/system_stm32f1xx.o
                0x08001ad4                SystemInit
 .text.MX_TIM2_Init
                0x08001ae0       0x98 ./Core/Src/tim.o
                0x08001ae0                MX_TIM2_Init
 .text.HAL_TIM_Base_MspInit
                0x08001b78       0xa0 ./Core/Src/tim.o
                0x08001b78                HAL_TIM_Base_MspInit
 .text.setSamplingFrequency
                0x08001c18       0xb0 ./Core/Src/time_utils.o
                0x08001c18                setSamplingFrequency
 .text.decodeHz
                0x08001cc8       0x68 ./Core/Src/time_utils.o
                0x08001cc8                decodeHz
 .text.decodeODR
                0x08001d30       0x66 ./Core/Src/time_utils.o
                0x08001d30                decodeODR
 *fill*         0x08001d96        0x2 
 .text.setTimeAndDate
                0x08001d98       0x6c ./Core/Src/time_utils.o
                0x08001d98                setTimeAndDate
 .text.MX_USART1_UART_Init
                0x08001e04       0x54 ./Core/Src/usart.o
                0x08001e04                MX_USART1_UART_Init
 .text.HAL_UART_MspInit
                0x08001e58      0x158 ./Core/Src/usart.o
                0x08001e58                HAL_UART_MspInit
 .text.computeCRC
                0x08001fb0       0x40 ./Core/Src/usart_io.o
                0x08001fb0                computeCRC
 .text.Send_ACK
                0x08001ff0       0x5c ./Core/Src/usart_io.o
                0x08001ff0                Send_ACK
 .text.Send_Status
                0x0800204c      0x120 ./Core/Src/usart_io.o
                0x0800204c                Send_Status
 .text.Send_AccelSample
                0x0800216c       0x98 ./Core/Src/usart_io.o
                0x0800216c                Send_AccelSample
 .text.Send_AccelSample_Once
                0x08002204       0x98 ./Core/Src/usart_io.o
                0x08002204                Send_AccelSample_Once
 .text.Send_MaxA_ms
                0x0800229c       0xd0 ./Core/Src/usart_io.o
                0x0800229c                Send_MaxA_ms
 .text.Send_MaxA_mt
                0x0800236c       0x98 ./Core/Src/usart_io.o
                0x0800236c                Send_MaxA_mt
 .text.Send_EnvData
                0x08002404       0x74 ./Core/Src/usart_io.o
                0x08002404                Send_EnvData
 .text.Reset_Handler
                0x08002478       0x48 ./Core/Startup/startup_stm32f103c8tx.o
                0x08002478                Reset_Handler
 .text.Default_Handler
                0x080024c0        0x2 ./Core/Startup/startup_stm32f103c8tx.o
                0x080024c0                USBWakeUp_IRQHandler
                0x080024c0                EXTI2_IRQHandler
                0x080024c0                TIM1_CC_IRQHandler
                0x080024c0                PVD_IRQHandler
                0x080024c0                EXTI3_IRQHandler
                0x080024c0                EXTI0_IRQHandler
                0x080024c0                I2C2_EV_IRQHandler
                0x080024c0                ADC1_2_IRQHandler
                0x080024c0                SPI1_IRQHandler
                0x080024c0                TAMPER_IRQHandler
                0x080024c0                USART3_IRQHandler
                0x080024c0                RTC_IRQHandler
                0x080024c0                CAN1_RX1_IRQHandler
                0x080024c0                TIM4_IRQHandler
                0x080024c0                TIM3_IRQHandler
                0x080024c0                RCC_IRQHandler
                0x080024c0                TIM1_TRG_COM_IRQHandler
                0x080024c0                DMA1_Channel1_IRQHandler
                0x080024c0                Default_Handler
                0x080024c0                EXTI15_10_IRQHandler
                0x080024c0                EXTI9_5_IRQHandler
                0x080024c0                SPI2_IRQHandler
                0x080024c0                EXTI4_IRQHandler
                0x080024c0                USB_LP_CAN1_RX0_IRQHandler
                0x080024c0                USB_HP_CAN1_TX_IRQHandler
                0x080024c0                DMA1_Channel3_IRQHandler
                0x080024c0                TIM1_UP_IRQHandler
                0x080024c0                WWDG_IRQHandler
                0x080024c0                TIM1_BRK_IRQHandler
                0x080024c0                EXTI1_IRQHandler
                0x080024c0                USART2_IRQHandler
                0x080024c0                I2C2_ER_IRQHandler
                0x080024c0                CAN1_SCE_IRQHandler
                0x080024c0                FLASH_IRQHandler
                0x080024c0                RTC_Alarm_IRQHandler
 *fill*         0x080024c2        0x2 
 .text.HAL_Init
                0x080024c4       0x2c ./Drivers/STM32F1xx_HAL_Driver/Src/stm32f1xx_hal.o
                0x080024c4                HAL_Init
 .text.HAL_InitTick
                0x080024f0       0x60 ./Drivers/STM32F1xx_HAL_Driver/Src/stm32f1xx_hal.o
                0x080024f0                HAL_InitTick
 .text.HAL_IncTick
                0x08002550       0x24 ./Drivers/STM32F1xx_HAL_Driver/Src/stm32f1xx_hal.o
                0x08002550                HAL_IncTick
 .text.HAL_GetTick
                0x08002574       0x14 ./Drivers/STM32F1xx_HAL_Driver/Src/stm32f1xx_hal.o
                0x08002574                HAL_GetTick
 .text.HAL_Delay
                0x08002588       0x48 ./Drivers/STM32F1xx_HAL_Driver/Src/stm32f1xx_hal.o
                0x08002588                HAL_Delay
 .text.__NVIC_SetPriorityGrouping
                0x080025d0       0x48 ./Drivers/STM32F1xx_HAL_Driver/Src/stm32f1xx_hal_cortex.o
 .text.__NVIC_GetPriorityGrouping
                0x08002618       0x1c ./Drivers/STM32F1xx_HAL_Driver/Src/stm32f1xx_hal_cortex.o
 .text.__NVIC_EnableIRQ
                0x08002634       0x38 ./Drivers/STM32F1xx_HAL_Driver/Src/stm32f1xx_hal_cortex.o
 .text.__NVIC_SetPriority
                0x0800266c       0x54 ./Drivers/STM32F1xx_HAL_Driver/Src/stm32f1xx_hal_cortex.o
 .text.NVIC_EncodePriority
                0x080026c0       0x64 ./Drivers/STM32F1xx_HAL_Driver/Src/stm32f1xx_hal_cortex.o
 .text.SysTick_Config
                0x08002724       0x44 ./Drivers/STM32F1xx_HAL_Driver/Src/stm32f1xx_hal_cortex.o
 .text.HAL_NVIC_SetPriorityGrouping
                0x08002768       0x16 ./Drivers/STM32F1xx_HAL_Driver/Src/stm32f1xx_hal_cortex.o
                0x08002768                HAL_NVIC_SetPriorityGrouping
 .text.HAL_NVIC_SetPriority
                0x0800277e       0x38 ./Drivers/STM32F1xx_HAL_Driver/Src/stm32f1xx_hal_cortex.o
                0x0800277e                HAL_NVIC_SetPriority
 .text.HAL_NVIC_EnableIRQ
                0x080027b6       0x1c ./Drivers/STM32F1xx_HAL_Driver/Src/stm32f1xx_hal_cortex.o
                0x080027b6                HAL_NVIC_EnableIRQ
 .text.HAL_SYSTICK_Config
                0x080027d2       0x18 ./Drivers/STM32F1xx_HAL_Driver/Src/stm32f1xx_hal_cortex.o
                0x080027d2                HAL_SYSTICK_Config
 *fill*         0x080027ea        0x2 
 .text.HAL_DMA_Init
                0x080027ec       0xb4 ./Drivers/STM32F1xx_HAL_Driver/Src/stm32f1xx_hal_dma.o
                0x080027ec                HAL_DMA_Init
 .text.HAL_DMA_Start_IT
                0x080028a0       0xc0 ./Drivers/STM32F1xx_HAL_Driver/Src/stm32f1xx_hal_dma.o
                0x080028a0                HAL_DMA_Start_IT
 .text.HAL_DMA_Abort
                0x08002960       0x76 ./Drivers/STM32F1xx_HAL_Driver/Src/stm32f1xx_hal_dma.o
                0x08002960                HAL_DMA_Abort
 *fill*         0x080029d6        0x2 
 .text.HAL_DMA_Abort_IT
                0x080029d8       0xf0 ./Drivers/STM32F1xx_HAL_Driver/Src/stm32f1xx_hal_dma.o
                0x080029d8                HAL_DMA_Abort_IT
 .text.HAL_DMA_IRQHandler
                0x08002ac8      0x20c ./Drivers/STM32F1xx_HAL_Driver/Src/stm32f1xx_hal_dma.o
                0x08002ac8                HAL_DMA_IRQHandler
 .text.HAL_DMA_GetState
                0x08002cd4       0x1a ./Drivers/STM32F1xx_HAL_Driver/Src/stm32f1xx_hal_dma.o
                0x08002cd4                HAL_DMA_GetState
 .text.DMA_SetConfig
                0x08002cee       0x5a ./Drivers/STM32F1xx_HAL_Driver/Src/stm32f1xx_hal_dma.o
 .text.HAL_FLASH_Program
                0x08002d48       0xe0 ./Drivers/STM32F1xx_HAL_Driver/Src/stm32f1xx_hal_flash.o
                0x08002d48                HAL_FLASH_Program
 .text.HAL_FLASH_Unlock
                0x08002e28       0x4c ./Drivers/STM32F1xx_HAL_Driver/Src/stm32f1xx_hal_flash.o
                0x08002e28                HAL_FLASH_Unlock
 .text.HAL_FLASH_Lock
                0x08002e74       0x20 ./Drivers/STM32F1xx_HAL_Driver/Src/stm32f1xx_hal_flash.o
                0x08002e74                HAL_FLASH_Lock
 .text.FLASH_Program_HalfWord
                0x08002e94       0x38 ./Drivers/STM32F1xx_HAL_Driver/Src/stm32f1xx_hal_flash.o
 .text.FLASH_WaitForLastOperation
                0x08002ecc       0x8c ./Drivers/STM32F1xx_HAL_Driver/Src/stm32f1xx_hal_flash.o
                0x08002ecc                FLASH_WaitForLastOperation
 .text.FLASH_SetErrorCode
                0x08002f58       0xa0 ./Drivers/STM32F1xx_HAL_Driver/Src/stm32f1xx_hal_flash.o
 .text.HAL_FLASHEx_Erase
                0x08002ff8       0xd8 ./Drivers/STM32F1xx_HAL_Driver/Src/stm32f1xx_hal_flash_ex.o
                0x08002ff8                HAL_FLASHEx_Erase
 .text.FLASH_MassErase
                0x080030d0       0x38 ./Drivers/STM32F1xx_HAL_Driver/Src/stm32f1xx_hal_flash_ex.o
 .text.FLASH_PageErase
                0x08003108       0x40 ./Drivers/STM32F1xx_HAL_Driver/Src/stm32f1xx_hal_flash_ex.o
                0x08003108                FLASH_PageErase
 .text.HAL_GPIO_Init
                0x08003148      0x308 ./Drivers/STM32F1xx_HAL_Driver/Src/stm32f1xx_hal_gpio.o
                0x08003148                HAL_GPIO_Init
 .text.HAL_GPIO_WritePin
                0x08003450       0x30 ./Drivers/STM32F1xx_HAL_Driver/Src/stm32f1xx_hal_gpio.o
                0x08003450                HAL_GPIO_WritePin
 .text.HAL_GPIO_TogglePin
                0x08003480       0x32 ./Drivers/STM32F1xx_HAL_Driver/Src/stm32f1xx_hal_gpio.o
                0x08003480                HAL_GPIO_TogglePin
 *fill*         0x080034b2        0x2 
 .text.HAL_I2C_Init
                0x080034b4      0x288 ./Drivers/STM32F1xx_HAL_Driver/Src/stm32f1xx_hal_i2c.o
                0x080034b4                HAL_I2C_Init
 .text.I2C_Flush_DR
                0x0800373c       0x28 ./Drivers/STM32F1xx_HAL_Driver/Src/stm32f1xx_hal_i2c.o
 .text.HAL_I2C_Master_Transmit
                0x08003764      0x1fc ./Drivers/STM32F1xx_HAL_Driver/Src/stm32f1xx_hal_i2c.o
                0x08003764                HAL_I2C_Master_Transmit
 .text.HAL_I2C_Master_Receive
                0x08003960      0x4d8 ./Drivers/STM32F1xx_HAL_Driver/Src/stm32f1xx_hal_i2c.o
                0x08003960                HAL_I2C_Master_Receive
 .text.HAL_I2C_Mem_Write
                0x08003e38      0x1f4 ./Drivers/STM32F1xx_HAL_Driver/Src/stm32f1xx_hal_i2c.o
                0x08003e38                HAL_I2C_Mem_Write
 .text.HAL_I2C_Mem_Read
                0x0800402c      0x4e8 ./Drivers/STM32F1xx_HAL_Driver/Src/stm32f1xx_hal_i2c.o
                0x0800402c                HAL_I2C_Mem_Read
 .text.HAL_I2C_EV_IRQHandler
                0x08004514      0x2e2 ./Drivers/STM32F1xx_HAL_Driver/Src/stm32f1xx_hal_i2c.o
                0x08004514                HAL_I2C_EV_IRQHandler
 .text.HAL_I2C_ER_IRQHandler
                0x080047f6      0x15e ./Drivers/STM32F1xx_HAL_Driver/Src/stm32f1xx_hal_i2c.o
                0x080047f6                HAL_I2C_ER_IRQHandler
 .text.HAL_I2C_MasterTxCpltCallback
                0x08004954       0x12 ./Drivers/STM32F1xx_HAL_Driver/Src/stm32f1xx_hal_i2c.o
                0x08004954                HAL_I2C_MasterTxCpltCallback
 .text.HAL_I2C_MasterRxCpltCallback
                0x08004966       0x12 ./Drivers/STM32F1xx_HAL_Driver/Src/stm32f1xx_hal_i2c.o
                0x08004966                HAL_I2C_MasterRxCpltCallback
 .text.HAL_I2C_SlaveTxCpltCallback
                0x08004978       0x12 ./Drivers/STM32F1xx_HAL_Driver/Src/stm32f1xx_hal_i2c.o
                0x08004978                HAL_I2C_SlaveTxCpltCallback
 .text.HAL_I2C_SlaveRxCpltCallback
                0x0800498a       0x12 ./Drivers/STM32F1xx_HAL_Driver/Src/stm32f1xx_hal_i2c.o
                0x0800498a                HAL_I2C_SlaveRxCpltCallback
 .text.HAL_I2C_AddrCallback
                0x0800499c       0x1a ./Drivers/STM32F1xx_HAL_Driver/Src/stm32f1xx_hal_i2c.o
                0x0800499c                HAL_I2C_AddrCallback
 .text.HAL_I2C_ListenCpltCallback
                0x080049b6       0x12 ./Drivers/STM32F1xx_HAL_Driver/Src/stm32f1xx_hal_i2c.o
                0x080049b6                HAL_I2C_ListenCpltCallback
 .text.HAL_I2C_MemTxCpltCallback
                0x080049c8       0x12 ./Drivers/STM32F1xx_HAL_Driver/Src/stm32f1xx_hal_i2c.o
                0x080049c8                HAL_I2C_MemTxCpltCallback
 .text.HAL_I2C_MemRxCpltCallback
                0x080049da       0x12 ./Drivers/STM32F1xx_HAL_Driver/Src/stm32f1xx_hal_i2c.o
                0x080049da                HAL_I2C_MemRxCpltCallback
 .text.HAL_I2C_ErrorCallback
                0x080049ec       0x12 ./Drivers/STM32F1xx_HAL_Driver/Src/stm32f1xx_hal_i2c.o
                0x080049ec                HAL_I2C_ErrorCallback
 .text.HAL_I2C_AbortCpltCallback
                0x080049fe       0x12 ./Drivers/STM32F1xx_HAL_Driver/Src/stm32f1xx_hal_i2c.o
                0x080049fe                HAL_I2C_AbortCpltCallback
 .text.I2C_MasterTransmit_TXE
                0x08004a10      0x138 ./Drivers/STM32F1xx_HAL_Driver/Src/stm32f1xx_hal_i2c.o
 .text.I2C_MasterTransmit_BTF
                0x08004b48       0xec ./Drivers/STM32F1xx_HAL_Driver/Src/stm32f1xx_hal_i2c.o
 .text.I2C_MemoryTransmit_TXE_BTF
                0x08004c34      0x130 ./Drivers/STM32F1xx_HAL_Driver/Src/stm32f1xx_hal_i2c.o
 .text.I2C_MasterReceive_RXNE
                0x08004d64      0x190 ./Drivers/STM32F1xx_HAL_Driver/Src/stm32f1xx_hal_i2c.o
 .text.I2C_MasterReceive_BTF
                0x08004ef4      0x1e2 ./Drivers/STM32F1xx_HAL_Driver/Src/stm32f1xx_hal_i2c.o
 .text.I2C_Master_SB
                0x080050d6      0x10a ./Drivers/STM32F1xx_HAL_Driver/Src/stm32f1xx_hal_i2c.o
 .text.I2C_Master_ADD10
                0x080051e0       0x52 ./Drivers/STM32F1xx_HAL_Driver/Src/stm32f1xx_hal_i2c.o
 .text.I2C_Master_ADDR
                0x08005232      0x336 ./Drivers/STM32F1xx_HAL_Driver/Src/stm32f1xx_hal_i2c.o
 .text.I2C_SlaveTransmit_TXE
                0x08005568       0x7a ./Drivers/STM32F1xx_HAL_Driver/Src/stm32f1xx_hal_i2c.o
 .text.I2C_SlaveTransmit_BTF
                0x080055e2       0x40 ./Drivers/STM32F1xx_HAL_Driver/Src/stm32f1xx_hal_i2c.o
 .text.I2C_SlaveReceive_RXNE
                0x08005622       0x7c ./Drivers/STM32F1xx_HAL_Driver/Src/stm32f1xx_hal_i2c.o
 .text.I2C_SlaveReceive_BTF
                0x0800569e       0x42 ./Drivers/STM32F1xx_HAL_Driver/Src/stm32f1xx_hal_i2c.o
 .text.I2C_Slave_ADDR
                0x080056e0       0x94 ./Drivers/STM32F1xx_HAL_Driver/Src/stm32f1xx_hal_i2c.o
 .text.I2C_Slave_STOPF
                0x08005774      0x260 ./Drivers/STM32F1xx_HAL_Driver/Src/stm32f1xx_hal_i2c.o
 .text.I2C_Slave_AF
                0x080059d4       0xe8 ./Drivers/STM32F1xx_HAL_Driver/Src/stm32f1xx_hal_i2c.o
 .text.I2C_ITError
                0x08005abc      0x264 ./Drivers/STM32F1xx_HAL_Driver/Src/stm32f1xx_hal_i2c.o
 .text.I2C_MasterRequestWrite
                0x08005d20      0x104 ./Drivers/STM32F1xx_HAL_Driver/Src/stm32f1xx_hal_i2c.o
 .text.I2C_MasterRequestRead
                0x08005e24      0x19c ./Drivers/STM32F1xx_HAL_Driver/Src/stm32f1xx_hal_i2c.o
 .text.I2C_RequestMemoryWrite
                0x08005fc0      0x12c ./Drivers/STM32F1xx_HAL_Driver/Src/stm32f1xx_hal_i2c.o
 .text.I2C_RequestMemoryRead
                0x080060ec      0x1d0 ./Drivers/STM32F1xx_HAL_Driver/Src/stm32f1xx_hal_i2c.o
 .text.I2C_DMAAbort
                0x080062bc      0x150 ./Drivers/STM32F1xx_HAL_Driver/Src/stm32f1xx_hal_i2c.o
 .text.I2C_WaitOnFlagUntilTimeout
                0x0800640c       0xf4 ./Drivers/STM32F1xx_HAL_Driver/Src/stm32f1xx_hal_i2c.o
 .text.I2C_WaitOnMasterAddressFlagUntilTimeout
                0x08006500      0x140 ./Drivers/STM32F1xx_HAL_Driver/Src/stm32f1xx_hal_i2c.o
 .text.I2C_WaitOnTXEFlagUntilTimeout
                0x08006640       0x90 ./Drivers/STM32F1xx_HAL_Driver/Src/stm32f1xx_hal_i2c.o
 .text.I2C_WaitOnBTFFlagUntilTimeout
                0x080066d0       0x90 ./Drivers/STM32F1xx_HAL_Driver/Src/stm32f1xx_hal_i2c.o
 .text.I2C_WaitOnSTOPRequestThroughIT
                0x08006760       0x64 ./Drivers/STM32F1xx_HAL_Driver/Src/stm32f1xx_hal_i2c.o
 .text.I2C_WaitOnRXNEFlagUntilTimeout
                0x080067c4       0xba ./Drivers/STM32F1xx_HAL_Driver/Src/stm32f1xx_hal_i2c.o
 .text.I2C_IsAcknowledgeFailed
                0x0800687e       0x5c ./Drivers/STM32F1xx_HAL_Driver/Src/stm32f1xx_hal_i2c.o
 .text.I2C_ConvertOtherXferOptions
                0x080068da       0x34 ./Drivers/STM32F1xx_HAL_Driver/Src/stm32f1xx_hal_i2c.o
 *fill*         0x0800690e        0x2 
 .text.HAL_PWR_EnableBkUpAccess
                0x08006910       0x18 ./Drivers/STM32F1xx_HAL_Driver/Src/stm32f1xx_hal_pwr.o
                0x08006910                HAL_PWR_EnableBkUpAccess
 .text.HAL_RCC_OscConfig
                0x08006928      0x504 ./Drivers/STM32F1xx_HAL_Driver/Src/stm32f1xx_hal_rcc.o
                0x08006928                HAL_RCC_OscConfig
 .text.HAL_RCC_ClockConfig
                0x08006e2c      0x1d4 ./Drivers/STM32F1xx_HAL_Driver/Src/stm32f1xx_hal_rcc.o
                0x08006e2c                HAL_RCC_ClockConfig
 .text.HAL_RCC_GetSysClockFreq
                0x08007000       0xac ./Drivers/STM32F1xx_HAL_Driver/Src/stm32f1xx_hal_rcc.o
                0x08007000                HAL_RCC_GetSysClockFreq
 .text.HAL_RCC_GetHCLKFreq
                0x080070ac       0x14 ./Drivers/STM32F1xx_HAL_Driver/Src/stm32f1xx_hal_rcc.o
                0x080070ac                HAL_RCC_GetHCLKFreq
 .text.HAL_RCC_GetPCLK1Freq
                0x080070c0       0x28 ./Drivers/STM32F1xx_HAL_Driver/Src/stm32f1xx_hal_rcc.o
                0x080070c0                HAL_RCC_GetPCLK1Freq
 .text.HAL_RCC_GetPCLK2Freq
                0x080070e8       0x28 ./Drivers/STM32F1xx_HAL_Driver/Src/stm32f1xx_hal_rcc.o
                0x080070e8                HAL_RCC_GetPCLK2Freq
 .text.RCC_Delay
                0x08007110       0x3c ./Drivers/STM32F1xx_HAL_Driver/Src/stm32f1xx_hal_rcc.o
 .text.HAL_RCCEx_PeriphCLKConfig
                0x0800714c      0x16c ./Drivers/STM32F1xx_HAL_Driver/Src/stm32f1xx_hal_rcc_ex.o
                0x0800714c                HAL_RCCEx_PeriphCLKConfig
 .text.HAL_RCCEx_GetPeriphCLKFreq
                0x080072b8      0x16c ./Drivers/STM32F1xx_HAL_Driver/Src/stm32f1xx_hal_rcc_ex.o
                0x080072b8                HAL_RCCEx_GetPeriphCLKFreq
 .text.HAL_RTC_Init
                0x08007424      0x118 ./Drivers/STM32F1xx_HAL_Driver/Src/stm32f1xx_hal_rtc.o
                0x08007424                HAL_RTC_Init
 .text.HAL_RTC_SetTime
                0x0800753c      0x12e ./Drivers/STM32F1xx_HAL_Driver/Src/stm32f1xx_hal_rtc.o
                0x0800753c                HAL_RTC_SetTime
 *fill*         0x0800766a        0x2 
 .text.HAL_RTC_GetTime
                0x0800766c      0x1b0 ./Drivers/STM32F1xx_HAL_Driver/Src/stm32f1xx_hal_rtc.o
                0x0800766c                HAL_RTC_GetTime
 .text.HAL_RTC_SetDate
                0x0800781c      0x16c ./Drivers/STM32F1xx_HAL_Driver/Src/stm32f1xx_hal_rtc.o
                0x0800781c                HAL_RTC_SetDate
 .text.HAL_RTC_GetDate
                0x08007988       0xa8 ./Drivers/STM32F1xx_HAL_Driver/Src/stm32f1xx_hal_rtc.o
                0x08007988                HAL_RTC_GetDate
 .text.HAL_RTC_WaitForSynchro
                0x08007a30       0x5a ./Drivers/STM32F1xx_HAL_Driver/Src/stm32f1xx_hal_rtc.o
                0x08007a30                HAL_RTC_WaitForSynchro
 .text.RTC_ReadTimeCounter
                0x08007a8a       0x60 ./Drivers/STM32F1xx_HAL_Driver/Src/stm32f1xx_hal_rtc.o
 .text.RTC_WriteTimeCounter
                0x08007aea       0x4e ./Drivers/STM32F1xx_HAL_Driver/Src/stm32f1xx_hal_rtc.o
 .text.RTC_ReadAlarmCounter
                0x08007b38       0x32 ./Drivers/STM32F1xx_HAL_Driver/Src/stm32f1xx_hal_rtc.o
 .text.RTC_WriteAlarmCounter
                0x08007b6a       0x4e ./Drivers/STM32F1xx_HAL_Driver/Src/stm32f1xx_hal_rtc.o
 .text.RTC_EnterInitMode
                0x08007bb8       0x50 ./Drivers/STM32F1xx_HAL_Driver/Src/stm32f1xx_hal_rtc.o
 .text.RTC_ExitInitMode
                0x08007c08       0x50 ./Drivers/STM32F1xx_HAL_Driver/Src/stm32f1xx_hal_rtc.o
 .text.RTC_ByteToBcd2
                0x08007c58       0x3a ./Drivers/STM32F1xx_HAL_Driver/Src/stm32f1xx_hal_rtc.o
 .text.RTC_Bcd2ToByte
                0x08007c92       0x3a ./Drivers/STM32F1xx_HAL_Driver/Src/stm32f1xx_hal_rtc.o
 .text.RTC_DateUpdate
                0x08007ccc      0x152 ./Drivers/STM32F1xx_HAL_Driver/Src/stm32f1xx_hal_rtc.o
 *fill*         0x08007e1e        0x2 
 .text.RTC_IsLeapYear
                0x08007e20       0x64 ./Drivers/STM32F1xx_HAL_Driver/Src/stm32f1xx_hal_rtc.o
 .text.RTC_WeekDayNum
                0x08007e84       0xf0 ./Drivers/STM32F1xx_HAL_Driver/Src/stm32f1xx_hal_rtc.o
 .text.HAL_TIM_Base_Init
                0x08007f74       0x9e ./Drivers/STM32F1xx_HAL_Driver/Src/stm32f1xx_hal_tim.o
                0x08007f74                HAL_TIM_Base_Init
 *fill*         0x08008012        0x2 
 .text.HAL_TIM_Base_Start
                0x08008014       0x94 ./Drivers/STM32F1xx_HAL_Driver/Src/stm32f1xx_hal_tim.o
                0x08008014                HAL_TIM_Base_Start
 .text.HAL_TIM_Base_Stop
                0x080080a8       0x4c ./Drivers/STM32F1xx_HAL_Driver/Src/stm32f1xx_hal_tim.o
                0x080080a8                HAL_TIM_Base_Stop
 .text.HAL_TIM_Base_Start_IT
                0x080080f4       0xa4 ./Drivers/STM32F1xx_HAL_Driver/Src/stm32f1xx_hal_tim.o
                0x080080f4                HAL_TIM_Base_Start_IT
 .text.HAL_TIM_IRQHandler
                0x08008198      0x1e0 ./Drivers/STM32F1xx_HAL_Driver/Src/stm32f1xx_hal_tim.o
                0x08008198                HAL_TIM_IRQHandler
 .text.HAL_TIM_ConfigClockSource
                0x08008378      0x18e ./Drivers/STM32F1xx_HAL_Driver/Src/stm32f1xx_hal_tim.o
                0x08008378                HAL_TIM_ConfigClockSource
 .text.HAL_TIM_OC_DelayElapsedCallback
                0x08008506       0x12 ./Drivers/STM32F1xx_HAL_Driver/Src/stm32f1xx_hal_tim.o
                0x08008506                HAL_TIM_OC_DelayElapsedCallback
 .text.HAL_TIM_IC_CaptureCallback
                0x08008518       0x12 ./Drivers/STM32F1xx_HAL_Driver/Src/stm32f1xx_hal_tim.o
                0x08008518                HAL_TIM_IC_CaptureCallback
 .text.HAL_TIM_PWM_PulseFinishedCallback
                0x0800852a       0x12 ./Drivers/STM32F1xx_HAL_Driver/Src/stm32f1xx_hal_tim.o
                0x0800852a                HAL_TIM_PWM_PulseFinishedCallback
 .text.HAL_TIM_TriggerCallback
                0x0800853c       0x12 ./Drivers/STM32F1xx_HAL_Driver/Src/stm32f1xx_hal_tim.o
                0x0800853c                HAL_TIM_TriggerCallback
 *fill*         0x0800854e        0x2 
 .text.TIM_Base_SetConfig
                0x08008550       0xdc ./Drivers/STM32F1xx_HAL_Driver/Src/stm32f1xx_hal_tim.o
                0x08008550                TIM_Base_SetConfig
 .text.TIM_TI1_ConfigInputStage
                0x0800862c       0x5c ./Drivers/STM32F1xx_HAL_Driver/Src/stm32f1xx_hal_tim.o
 .text.TIM_TI2_ConfigInputStage
                0x08008688       0x5e ./Drivers/STM32F1xx_HAL_Driver/Src/stm32f1xx_hal_tim.o
 .text.TIM_ITRx_SetConfig
                0x080086e6       0x34 ./Drivers/STM32F1xx_HAL_Driver/Src/stm32f1xx_hal_tim.o
 .text.TIM_ETR_SetConfig
                0x0800871a       0x3e ./Drivers/STM32F1xx_HAL_Driver/Src/stm32f1xx_hal_tim.o
                0x0800871a                TIM_ETR_SetConfig
 .text.HAL_TIMEx_MasterConfigSynchronization
                0x08008758       0xbc ./Drivers/STM32F1xx_HAL_Driver/Src/stm32f1xx_hal_tim_ex.o
                0x08008758                HAL_TIMEx_MasterConfigSynchronization
 .text.HAL_TIMEx_CommutCallback
                0x08008814       0x12 ./Drivers/STM32F1xx_HAL_Driver/Src/stm32f1xx_hal_tim_ex.o
                0x08008814                HAL_TIMEx_CommutCallback
 .text.HAL_TIMEx_BreakCallback
                0x08008826       0x12 ./Drivers/STM32F1xx_HAL_Driver/Src/stm32f1xx_hal_tim_ex.o
                0x08008826                HAL_TIMEx_BreakCallback
 .text.HAL_UART_Init
                0x08008838       0xa0 ./Drivers/STM32F1xx_HAL_Driver/Src/stm32f1xx_hal_uart.o
                0x08008838                HAL_UART_Init
 .text.HAL_UART_Transmit_DMA
                0x080088d8       0xe0 ./Drivers/STM32F1xx_HAL_Driver/Src/stm32f1xx_hal_uart.o
                0x080088d8                HAL_UART_Transmit_DMA
 .text.HAL_UART_Receive_DMA
                0x080089b8       0x4a ./Drivers/STM32F1xx_HAL_Driver/Src/stm32f1xx_hal_uart.o
                0x080089b8                HAL_UART_Receive_DMA
 *fill*         0x08008a02        0x2 
 .text.HAL_UART_IRQHandler
                0x08008a04      0x524 ./Drivers/STM32F1xx_HAL_Driver/Src/stm32f1xx_hal_uart.o
                0x08008a04                HAL_UART_IRQHandler
 .text.HAL_UART_TxHalfCpltCallback
                0x08008f28       0x12 ./Drivers/STM32F1xx_HAL_Driver/Src/stm32f1xx_hal_uart.o
                0x08008f28                HAL_UART_TxHalfCpltCallback
 .text.HAL_UART_RxHalfCpltCallback
                0x08008f3a       0x12 ./Drivers/STM32F1xx_HAL_Driver/Src/stm32f1xx_hal_uart.o
                0x08008f3a                HAL_UART_RxHalfCpltCallback
 .text.HAL_UART_ErrorCallback
                0x08008f4c       0x12 ./Drivers/STM32F1xx_HAL_Driver/Src/stm32f1xx_hal_uart.o
                0x08008f4c                HAL_UART_ErrorCallback
 .text.HAL_UARTEx_RxEventCallback
                0x08008f5e       0x16 ./Drivers/STM32F1xx_HAL_Driver/Src/stm32f1xx_hal_uart.o
                0x08008f5e                HAL_UARTEx_RxEventCallback
 .text.UART_DMATransmitCplt
                0x08008f74       0x9a ./Drivers/STM32F1xx_HAL_Driver/Src/stm32f1xx_hal_uart.o
 .text.UART_DMATxHalfCplt
                0x0800900e       0x1c ./Drivers/STM32F1xx_HAL_Driver/Src/stm32f1xx_hal_uart.o
 .text.UART_DMAReceiveCplt
                0x0800902a      0x12c ./Drivers/STM32F1xx_HAL_Driver/Src/stm32f1xx_hal_uart.o
 .text.UART_DMARxHalfCplt
                0x08009156       0x3c ./Drivers/STM32F1xx_HAL_Driver/Src/stm32f1xx_hal_uart.o
 .text.UART_DMAError
                0x08009192       0x94 ./Drivers/STM32F1xx_HAL_Driver/Src/stm32f1xx_hal_uart.o
 *fill*         0x08009226        0x2 
 .text.UART_Start_Receive_DMA
                0x08009228      0x134 ./Drivers/STM32F1xx_HAL_Driver/Src/stm32f1xx_hal_uart.o
                0x08009228                UART_Start_Receive_DMA
 .text.UART_EndTxTransfer
                0x0800935c       0x4e ./Drivers/STM32F1xx_HAL_Driver/Src/stm32f1xx_hal_uart.o
 .text.UART_EndRxTransfer
                0x080093aa       0xc4 ./Drivers/STM32F1xx_HAL_Driver/Src/stm32f1xx_hal_uart.o
 .text.UART_DMAAbortOnError
                0x0800946e       0x28 ./Drivers/STM32F1xx_HAL_Driver/Src/stm32f1xx_hal_uart.o
 .text.UART_Transmit_IT
                0x08009496       0x9e ./Drivers/STM32F1xx_HAL_Driver/Src/stm32f1xx_hal_uart.o
 .text.UART_EndTransmit_IT
                0x08009534       0x30 ./Drivers/STM32F1xx_HAL_Driver/Src/stm32f1xx_hal_uart.o
 .text.UART_Receive_IT
                0x08009564      0x17c ./Drivers/STM32F1xx_HAL_Driver/Src/stm32f1xx_hal_uart.o
 .text.UART_SetConfig
                0x080096e0      0x11c ./Drivers/STM32F1xx_HAL_Driver/Src/stm32f1xx_hal_uart.o
 .text.memset   0x080097fc       0x10 /Applications/STM32CubeIDE.app/Contents/Eclipse/plugins/com.st.stm32cube.ide.mcu.externaltools.gnu-tools-for-stm32.13.3.rel1.macos64_1.0.0.202411102158/tools/bin/../lib/gcc/arm-none-eabi/13.3.1/../../../../arm-none-eabi/lib/thumb/v7-m/nofp/libc_nano.a(libc_a-memset.o)
                0x080097fc                memset
 .text.__libc_init_array
                0x0800980c       0x48 /Applications/STM32CubeIDE.app/Contents/Eclipse/plugins/com.st.stm32cube.ide.mcu.externaltools.gnu-tools-for-stm32.13.3.rel1.macos64_1.0.0.202411102158/tools/bin/../lib/gcc/arm-none-eabi/13.3.1/../../../../arm-none-eabi/lib/thumb/v7-m/nofp/libc_nano.a(libc_a-init.o)
                0x0800980c                __libc_init_array
 *(.glue_7)
 .glue_7        0x08009854        0x0 linker stubs
 *(.glue_7t)
 .glue_7t       0x08009854        0x0 linker stubs
 *(.eh_frame)
 .eh_frame      0x08009854        0x0 /Applications/STM32CubeIDE.app/Contents/Eclipse/plugins/com.st.stm32cube.ide.mcu.externaltools.gnu-tools-for-stm32.13.3.rel1.macos64_1.0.0.202411102158/tools/bin/../lib/gcc/arm-none-eabi/13.3.1/thumb/v7-m/nofp/crtbegin.o
 *(.init)
 .init          0x08009854        0x4 /Applications/STM32CubeIDE.app/Contents/Eclipse/plugins/com.st.stm32cube.ide.mcu.externaltools.gnu-tools-for-stm32.13.3.rel1.macos64_1.0.0.202411102158/tools/bin/../lib/gcc/arm-none-eabi/13.3.1/thumb/v7-m/nofp/crti.o
                0x08009854                _init
 .init          0x08009858        0x8 /Applications/STM32CubeIDE.app/Contents/Eclipse/plugins/com.st.stm32cube.ide.mcu.externaltools.gnu-tools-for-stm32.13.3.rel1.macos64_1.0.0.202411102158/tools/bin/../lib/gcc/arm-none-eabi/13.3.1/thumb/v7-m/nofp/crtn.o
 *(.fini)
 .fini          0x08009860        0x4 /Applications/STM32CubeIDE.app/Contents/Eclipse/plugins/com.st.stm32cube.ide.mcu.externaltools.gnu-tools-for-stm32.13.3.rel1.macos64_1.0.0.202411102158/tools/bin/../lib/gcc/arm-none-eabi/13.3.1/thumb/v7-m/nofp/crti.o
                0x08009860                _fini
 .fini          0x08009864        0x8 /Applications/STM32CubeIDE.app/Contents/Eclipse/plugins/com.st.stm32cube.ide.mcu.externaltools.gnu-tools-for-stm32.13.3.rel1.macos64_1.0.0.202411102158/tools/bin/../lib/gcc/arm-none-eabi/13.3.1/thumb/v7-m/nofp/crtn.o
                0x0800986c                        . = ALIGN (0x4)
                0x0800986c                        _etext = .

.vfp11_veneer   0x0800986c        0x0
 .vfp11_veneer  0x0800986c        0x0 linker stubs

.v4_bx          0x0800986c        0x0
 .v4_bx         0x0800986c        0x0 linker stubs

.iplt           0x0800986c        0x0
 .iplt          0x0800986c        0x0 /Applications/STM32CubeIDE.app/Contents/Eclipse/plugins/com.st.stm32cube.ide.mcu.externaltools.gnu-tools-for-stm32.13.3.rel1.macos64_1.0.0.202411102158/tools/bin/../lib/gcc/arm-none-eabi/13.3.1/thumb/v7-m/nofp/crtbegin.o

.rodata         0x0800986c       0x40
                0x0800986c                        . = ALIGN (0x4)
 *(.rodata)
 *(.rodata*)
 .rodata.AHBPrescTable
                0x0800986c       0x10 ./Core/Src/system_stm32f1xx.o
                0x0800986c                AHBPrescTable
 .rodata.APBPrescTable
                0x0800987c        0x8 ./Core/Src/system_stm32f1xx.o
                0x0800987c                APBPrescTable
 .rodata.aPLLMULFactorTable.1
                0x08009884       0x10 ./Drivers/STM32F1xx_HAL_Driver/Src/stm32f1xx_hal_rcc.o
 .rodata.aPredivFactorTable.0
                0x08009894        0x2 ./Drivers/STM32F1xx_HAL_Driver/Src/stm32f1xx_hal_rcc.o
 *fill*         0x08009896        0x2 
 .rodata.aPLLMULFactorTable.1
                0x08009898       0x10 ./Drivers/STM32F1xx_HAL_Driver/Src/stm32f1xx_hal_rcc_ex.o
 .rodata.aPredivFactorTable.0
                0x080098a8        0x2 ./Drivers/STM32F1xx_HAL_Driver/Src/stm32f1xx_hal_rcc_ex.o
                0x080098ac                        . = ALIGN (0x4)
 *fill*         0x080098aa        0x2 

.ARM.extab      0x080098ac        0x0
                0x080098ac                        . = ALIGN (0x4)
 *(.ARM.extab* .gnu.linkonce.armextab.*)
                0x080098ac                        . = ALIGN (0x4)

.ARM            0x080098ac        0x0
                0x080098ac                        . = ALIGN (0x4)
                0x080098ac                        __exidx_start = .
 *(.ARM.exidx*)
                0x080098ac                        __exidx_end = .
                0x080098ac                        . = ALIGN (0x4)

.preinit_array  0x080098ac        0x0
                0x080098ac                        . = ALIGN (0x4)
                0x080098ac                        PROVIDE (__preinit_array_start = .)
 *(.preinit_array*)
                0x080098ac                        PROVIDE (__preinit_array_end = .)
                0x080098ac                        . = ALIGN (0x4)

.init_array     0x080098ac        0x4
                0x080098ac                        . = ALIGN (0x4)
                0x080098ac                        PROVIDE (__init_array_start = .)
 *(SORT_BY_NAME(.init_array.*))
 *(.init_array*)
 .init_array    0x080098ac        0x4 /Applications/STM32CubeIDE.app/Contents/Eclipse/plugins/com.st.stm32cube.ide.mcu.externaltools.gnu-tools-for-stm32.13.3.rel1.macos64_1.0.0.202411102158/tools/bin/../lib/gcc/arm-none-eabi/13.3.1/thumb/v7-m/nofp/crtbegin.o
                0x080098b0                        PROVIDE (__init_array_end = .)
                0x080098b0                        . = ALIGN (0x4)

.fini_array     0x080098b0        0x4
                0x080098b0                        . = ALIGN (0x4)
                [!provide]                        PROVIDE (__fini_array_start = .)
 *(SORT_BY_NAME(.fini_array.*))
 *(.fini_array*)
 .fini_array    0x080098b0        0x4 /Applications/STM32CubeIDE.app/Contents/Eclipse/plugins/com.st.stm32cube.ide.mcu.externaltools.gnu-tools-for-stm32.13.3.rel1.macos64_1.0.0.202411102158/tools/bin/../lib/gcc/arm-none-eabi/13.3.1/thumb/v7-m/nofp/crtbegin.o
                [!provide]                        PROVIDE (__fini_array_end = .)
                0x080098b4                        . = ALIGN (0x4)
                0x080098b4                        _sidata = LOADADDR (.data)

.rel.dyn        0x080098b4        0x0
 .rel.iplt      0x080098b4        0x0 /Applications/STM32CubeIDE.app/Contents/Eclipse/plugins/com.st.stm32cube.ide.mcu.externaltools.gnu-tools-for-stm32.13.3.rel1.macos64_1.0.0.202411102158/tools/bin/../lib/gcc/arm-none-eabi/13.3.1/thumb/v7-m/nofp/crtbegin.o

.data           0x20000000       0x18 load address 0x080098b4
                0x20000000                        . = ALIGN (0x4)
                0x20000000                        _sdata = .
 *(.data)
 *(.data*)
 .data.time_between_requests
                0x20000000        0x1 ./Core/Src/callbacks.o
                0x20000000                time_between_requests
 .data.time_between_readings
                0x20000001        0x1 ./Core/Src/callbacks.o
                0x20000001                time_between_readings
 .data.datarate_set
                0x20000002        0x1 ./Core/Src/command_handler.o
                0x20000002                datarate_set
 .data.fullscale_set
                0x20000003        0x1 ./Core/Src/command_handler.o
                0x20000003                fullscale_set
 .data.enabled_axes_set
                0x20000004        0x1 ./Core/Src/command_handler.o
                0x20000004                enabled_axes_set
 .data.ctrl_1   0x20000005        0x1 ./Core/Src/lis3dhtr.o
                0x20000005                ctrl_1
 .data.ctrl_4   0x20000006        0x1 ./Core/Src/lis3dhtr.o
                0x20000006                ctrl_4
 .data.reg_addr
                0x20000007        0x1 ./Core/Src/lis3dhtr.o
                0x20000007                reg_addr
 .data.SystemCoreClock
                0x20000008        0x4 ./Core/Src/system_stm32f1xx.o
                0x20000008                SystemCoreClock
 .data.sampling_freq
                0x2000000c        0x2 ./Core/Src/time_utils.o
                0x2000000c                sampling_freq
 *fill*         0x2000000e        0x2 
 .data.uwTickPrio
                0x20000010        0x4 ./Drivers/STM32F1xx_HAL_Driver/Src/stm32f1xx_hal.o
                0x20000010                uwTickPrio
 .data.uwTickFreq
                0x20000014        0x1 ./Drivers/STM32F1xx_HAL_Driver/Src/stm32f1xx_hal.o
                0x20000014                uwTickFreq
 *(.RamFunc)
 *(.RamFunc*)
                0x20000018                        . = ALIGN (0x4)
 *fill*         0x20000015        0x3 
                0x20000018                        _edata = .

.igot.plt       0x20000018        0x0 load address 0x080098cc
 .igot.plt      0x20000018        0x0 /Applications/STM32CubeIDE.app/Contents/Eclipse/plugins/com.st.stm32cube.ide.mcu.externaltools.gnu-tools-for-stm32.13.3.rel1.macos64_1.0.0.202411102158/tools/bin/../lib/gcc/arm-none-eabi/13.3.1/thumb/v7-m/nofp/crtbegin.o
                0x20000018                        . = ALIGN (0x4)

.bss            0x20000018      0x348 load address 0x080098cc
                0x20000018                        _sbss = .
                0x20000018                        __bss_start__ = _sbss
 *(.bss)
 .bss           0x20000018       0x1c /Applications/STM32CubeIDE.app/Contents/Eclipse/plugins/com.st.stm32cube.ide.mcu.externaltools.gnu-tools-for-stm32.13.3.rel1.macos64_1.0.0.202411102158/tools/bin/../lib/gcc/arm-none-eabi/13.3.1/thumb/v7-m/nofp/crtbegin.o
 *(.bss*)
 .bss.counter_measure
                0x20000034        0x2 ./Core/Src/callbacks.o
 .bss.counter_read
                0x20000036        0x2 ./Core/Src/callbacks.o
 .bss.tx_busy   0x20000038        0x1 ./Core/Src/callbacks.o
                0x20000038                tx_busy
 .bss.rx_byte   0x20000039        0x1 ./Core/Src/callbacks.o
                0x20000039                rx_byte
 .bss.stream_enabled
                0x2000003a        0x1 ./Core/Src/command_handler.o
                0x2000003a                stream_enabled
 *fill*         0x2000003b        0x1 
 .bss.discard_samples
                0x2000003c        0x2 ./Core/Src/command_handler.o
                0x2000003c                discard_samples
 .bss.setup_in_progress
                0x2000003e        0x1 ./Core/Src/command_handler.o
                0x2000003e                setup_in_progress
 *fill*         0x2000003f        0x1 
 .bss.recordedDate
                0x20000040        0x4 ./Core/Src/flash_utils.o
                0x20000040                recordedDate
 .bss.recordedTime
                0x20000044        0x3 ./Core/Src/flash_utils.o
                0x20000044                recordedTime
 *fill*         0x20000047        0x1 
 .bss.hi2c1     0x20000048       0x54 ./Core/Src/i2c.o
                0x20000048                hi2c1
 .bss.hdma_i2c1_rx
                0x2000009c       0x44 ./Core/Src/i2c.o
                0x2000009c                hdma_i2c1_rx
 .bss.hdma_i2c1_tx
                0x200000e0       0x44 ./Core/Src/i2c.o
                0x200000e0                hdma_i2c1_tx
 .bss.whoami    0x20000124        0x1 ./Core/Src/lis3dhtr.o
                0x20000124                whoami
 .bss.data_available
                0x20000125        0x1 ./Core/Src/lis3dhtr.o
                0x20000125                data_available
 *fill*         0x20000126        0x2 
 .bss.buffer    0x20000128        0x6 ./Core/Src/lis3dhtr.o
                0x20000128                buffer
 *fill*         0x2000012e        0x2 
 .bss.hrtc      0x20000130       0x14 ./Core/Src/rtc.o
                0x20000130                hrtc
 .bss.A_i       0x20000144        0x6 ./Core/Src/sensors_data.o
                0x20000144                A_i
 *fill*         0x2000014a        0x2 
 .bss.A_mt      0x2000014c        0x6 ./Core/Src/sensors_data.o
                0x2000014c                A_mt
 *fill*         0x20000152        0x2 
 .bss.A_ms      0x20000154        0x6 ./Core/Src/sensors_data.o
                0x20000154                A_ms
 *fill*         0x2000015a        0x2 
 .bss.env       0x2000015c        0x4 ./Core/Src/sensors_data.o
                0x2000015c                env
 .bss.parser    0x20000160       0x21 ./Core/Src/serial_parser.o
 *fill*         0x20000181        0x3 
 .bss.htim2     0x20000184       0x48 ./Core/Src/tim.o
                0x20000184                htim2
 .bss.hdma_tim2_up
                0x200001cc       0x44 ./Core/Src/tim.o
                0x200001cc                hdma_tim2_up
 .bss.date      0x20000210        0x4 ./Core/Src/time_utils.o
                0x20000210                date
 .bss.time      0x20000214        0x3 ./Core/Src/time_utils.o
                0x20000214                time
 *fill*         0x20000217        0x1 
 .bss.huart1    0x20000218       0x48 ./Core/Src/usart.o
                0x20000218                huart1
 .bss.hdma_usart1_tx
                0x20000260       0x44 ./Core/Src/usart.o
                0x20000260                hdma_usart1_tx
 .bss.hdma_usart1_rx
                0x200002a4       0x44 ./Core/Src/usart.o
                0x200002a4                hdma_usart1_rx
 .bss.frame.6   0x200002e8        0x4 ./Core/Src/usart_io.o
 .bss.frame.5   0x200002ec       0x12 ./Core/Src/usart_io.o
 *fill*         0x200002fe        0x2 
 .bss.frame.4   0x20000300        0x9 ./Core/Src/usart_io.o
 *fill*         0x20000309        0x3 
 .bss.frame.3   0x2000030c        0x9 ./Core/Src/usart_io.o
 *fill*         0x20000315        0x3 
 .bss.frame.2   0x20000318        0xf ./Core/Src/usart_io.o
 *fill*         0x20000327        0x1 
 .bss.frame.1   0x20000328        0x9 ./Core/Src/usart_io.o
 *fill*         0x20000331        0x3 
 .bss.frame.0   0x20000334        0x7 ./Core/Src/usart_io.o
 *fill*         0x2000033b        0x1 
 .bss.uwTick    0x2000033c        0x4 ./Drivers/STM32F1xx_HAL_Driver/Src/stm32f1xx_hal.o
                0x2000033c                uwTick
 .bss.pFlash    0x20000340       0x20 ./Drivers/STM32F1xx_HAL_Driver/Src/stm32f1xx_hal_flash.o
                0x20000340                pFlash
 *(COMMON)
                0x20000360                        . = ALIGN (0x4)
                0x20000360                        _ebss = .
                0x20000360                        __bss_end__ = _ebss

._user_heap_stack
                0x20000360      0x600 load address 0x080098cc
                0x20000360                        . = ALIGN (0x8)
                [!provide]                        PROVIDE (end = .)
                0x20000360                        PROVIDE (_end = .)
                0x20000560                        . = (. + _Min_Heap_Size)
 *fill*         0x20000360      0x200 
                0x20000960                        . = (. + _Min_Stack_Size)
 *fill*         0x20000560      0x400 
                0x20000960                        . = ALIGN (0x8)

/DISCARD/
 libc.a(*)
 libm.a(*)
 libgcc.a(*)

.ARM.attributes
                0x00000000       0x29
 *(.ARM.attributes)
 .ARM.attributes
                0x00000000       0x1d /Applications/STM32CubeIDE.app/Contents/Eclipse/plugins/com.st.stm32cube.ide.mcu.externaltools.gnu-tools-for-stm32.13.3.rel1.macos64_1.0.0.202411102158/tools/bin/../lib/gcc/arm-none-eabi/13.3.1/thumb/v7-m/nofp/crti.o
 .ARM.attributes
                0x0000001d       0x2d /Applications/STM32CubeIDE.app/Contents/Eclipse/plugins/com.st.stm32cube.ide.mcu.externaltools.gnu-tools-for-stm32.13.3.rel1.macos64_1.0.0.202411102158/tools/bin/../lib/gcc/arm-none-eabi/13.3.1/thumb/v7-m/nofp/crtbegin.o
 .ARM.attributes
                0x0000004a       0x2d ./Core/Src/callbacks.o
 .ARM.attributes
                0x00000077       0x2d ./Core/Src/command_handler.o
 .ARM.attributes
                0x000000a4       0x2d ./Core/Src/dma.o
 .ARM.attributes
                0x000000d1       0x2d ./Core/Src/flash_utils.o
 .ARM.attributes
                0x000000fe       0x2d ./Core/Src/gpio.o
 .ARM.attributes
                0x0000012b       0x2d ./Core/Src/i2c.o
 .ARM.attributes
                0x00000158       0x2d ./Core/Src/lis3dhtr.o
 .ARM.attributes
                0x00000185       0x2d ./Core/Src/main.o
 .ARM.attributes
                0x000001b2       0x2d ./Core/Src/rtc.o
 .ARM.attributes
                0x000001df       0x2d ./Core/Src/sensors_data.o
 .ARM.attributes
                0x0000020c       0x2d ./Core/Src/serial_parser.o
 .ARM.attributes
                0x00000239       0x2d ./Core/Src/sht40.o
 .ARM.attributes
                0x00000266       0x2d ./Core/Src/stm32f1xx_hal_msp.o
 .ARM.attributes
                0x00000293       0x2d ./Core/Src/stm32f1xx_it.o
 .ARM.attributes
                0x000002c0       0x2d ./Core/Src/system_stm32f1xx.o
 .ARM.attributes
                0x000002ed       0x2d ./Core/Src/tim.o
 .ARM.attributes
                0x0000031a       0x2d ./Core/Src/time_utils.o
 .ARM.attributes
                0x00000347       0x2d ./Core/Src/usart.o
 .ARM.attributes
                0x00000374       0x2d ./Core/Src/usart_io.o
 .ARM.attributes
                0x000003a1       0x21 ./Core/Startup/startup_stm32f103c8tx.o
 .ARM.attributes
                0x000003c2       0x2d ./Drivers/STM32F1xx_HAL_Driver/Src/stm32f1xx_hal.o
 .ARM.attributes
                0x000003ef       0x2d ./Drivers/STM32F1xx_HAL_Driver/Src/stm32f1xx_hal_cortex.o
 .ARM.attributes
                0x0000041c       0x2d ./Drivers/STM32F1xx_HAL_Driver/Src/stm32f1xx_hal_dma.o
 .ARM.attributes
                0x00000449       0x2d ./Drivers/STM32F1xx_HAL_Driver/Src/stm32f1xx_hal_flash.o
 .ARM.attributes
                0x00000476       0x2d ./Drivers/STM32F1xx_HAL_Driver/Src/stm32f1xx_hal_flash_ex.o
 .ARM.attributes
                0x000004a3       0x2d ./Drivers/STM32F1xx_HAL_Driver/Src/stm32f1xx_hal_gpio.o
 .ARM.attributes
                0x000004d0       0x2d ./Drivers/STM32F1xx_HAL_Driver/Src/stm32f1xx_hal_i2c.o
 .ARM.attributes
                0x000004fd       0x2d ./Drivers/STM32F1xx_HAL_Driver/Src/stm32f1xx_hal_pwr.o
 .ARM.attributes
                0x0000052a       0x2d ./Drivers/STM32F1xx_HAL_Driver/Src/stm32f1xx_hal_rcc.o
 .ARM.attributes
                0x00000557       0x2d ./Drivers/STM32F1xx_HAL_Driver/Src/stm32f1xx_hal_rcc_ex.o
 .ARM.attributes
                0x00000584       0x2d ./Drivers/STM32F1xx_HAL_Driver/Src/stm32f1xx_hal_rtc.o
 .ARM.attributes
                0x000005b1       0x2d ./Drivers/STM32F1xx_HAL_Driver/Src/stm32f1xx_hal_tim.o
 .ARM.attributes
                0x000005de       0x2d ./Drivers/STM32F1xx_HAL_Driver/Src/stm32f1xx_hal_tim_ex.o
 .ARM.attributes
                0x0000060b       0x2d ./Drivers/STM32F1xx_HAL_Driver/Src/stm32f1xx_hal_uart.o
 .ARM.attributes
                0x00000638       0x2d /Applications/STM32CubeIDE.app/Contents/Eclipse/plugins/com.st.stm32cube.ide.mcu.externaltools.gnu-tools-for-stm32.13.3.rel1.macos64_1.0.0.202411102158/tools/bin/../lib/gcc/arm-none-eabi/13.3.1/../../../../arm-none-eabi/lib/thumb/v7-m/nofp/libc_nano.a(libc_a-memset.o)
 .ARM.attributes
                0x00000665       0x2d /Applications/STM32CubeIDE.app/Contents/Eclipse/plugins/com.st.stm32cube.ide.mcu.externaltools.gnu-tools-for-stm32.13.3.rel1.macos64_1.0.0.202411102158/tools/bin/../lib/gcc/arm-none-eabi/13.3.1/../../../../arm-none-eabi/lib/thumb/v7-m/nofp/libc_nano.a(libc_a-init.o)
 .ARM.attributes
                0x00000692       0x1d /Applications/STM32CubeIDE.app/Contents/Eclipse/plugins/com.st.stm32cube.ide.mcu.externaltools.gnu-tools-for-stm32.13.3.rel1.macos64_1.0.0.202411102158/tools/bin/../lib/gcc/arm-none-eabi/13.3.1/thumb/v7-m/nofp/libgcc.a(_arm_addsubsf3.o)
 .ARM.attributes
                0x000006af       0x1d /Applications/STM32CubeIDE.app/Contents/Eclipse/plugins/com.st.stm32cube.ide.mcu.externaltools.gnu-tools-for-stm32.13.3.rel1.macos64_1.0.0.202411102158/tools/bin/../lib/gcc/arm-none-eabi/13.3.1/thumb/v7-m/nofp/libgcc.a(_arm_muldivsf3.o)
 .ARM.attributes
                0x000006cc       0x1d /Applications/STM32CubeIDE.app/Contents/Eclipse/plugins/com.st.stm32cube.ide.mcu.externaltools.gnu-tools-for-stm32.13.3.rel1.macos64_1.0.0.202411102158/tools/bin/../lib/gcc/arm-none-eabi/13.3.1/thumb/v7-m/nofp/libgcc.a(_arm_fixsfsi.o)
 .ARM.attributes
                0x000006e9       0x1d /Applications/STM32CubeIDE.app/Contents/Eclipse/plugins/com.st.stm32cube.ide.mcu.externaltools.gnu-tools-for-stm32.13.3.rel1.macos64_1.0.0.202411102158/tools/bin/../lib/gcc/arm-none-eabi/13.3.1/thumb/v7-m/nofp/crtn.o
OUTPUT(Sensor_F103.elf elf32-littlearm)
LOAD linker stubs
LOAD /Applications/STM32CubeIDE.app/Contents/Eclipse/plugins/com.st.stm32cube.ide.mcu.externaltools.gnu-tools-for-stm32.13.3.rel1.macos64_1.0.0.202411102158/tools/bin/../lib/gcc/arm-none-eabi/13.3.1/../../../../arm-none-eabi/lib/thumb/v7-m/nofp/libc.a
LOAD /Applications/STM32CubeIDE.app/Contents/Eclipse/plugins/com.st.stm32cube.ide.mcu.externaltools.gnu-tools-for-stm32.13.3.rel1.macos64_1.0.0.202411102158/tools/bin/../lib/gcc/arm-none-eabi/13.3.1/../../../../arm-none-eabi/lib/thumb/v7-m/nofp/libm.a
LOAD /Applications/STM32CubeIDE.app/Contents/Eclipse/plugins/com.st.stm32cube.ide.mcu.externaltools.gnu-tools-for-stm32.13.3.rel1.macos64_1.0.0.202411102158/tools/bin/../lib/gcc/arm-none-eabi/13.3.1/thumb/v7-m/nofp/libgcc.a

.debug_info     0x00000000    0x16671
 .debug_info    0x00000000      0xe16 ./Core/Src/callbacks.o
 .debug_info    0x00000e16      0xb09 ./Core/Src/command_handler.o
 .debug_info    0x0000191f      0x2cf ./Core/Src/dma.o
 .debug_info    0x00001bee      0x51e ./Core/Src/flash_utils.o
 .debug_info    0x0000210c      0x2b7 ./Core/Src/gpio.o
 .debug_info    0x000023c3      0x9c1 ./Core/Src/i2c.o
 .debug_info    0x00002d84      0x925 ./Core/Src/lis3dhtr.o
 .debug_info    0x000036a9      0xef5 ./Core/Src/main.o
 .debug_info    0x0000459e      0x484 ./Core/Src/rtc.o
 .debug_info    0x00004a22      0x1d1 ./Core/Src/sensors_data.o
 .debug_info    0x00004bf3      0x191 ./Core/Src/serial_parser.o
 .debug_info    0x00004d84      0x6f3 ./Core/Src/sht40.o
 .debug_info    0x00005477      0x1f1 ./Core/Src/stm32f1xx_hal_msp.o
 .debug_info    0x00005668      0xcce ./Core/Src/stm32f1xx_it.o
 .debug_info    0x00006336      0x222 ./Core/Src/system_stm32f1xx.o
 .debug_info    0x00006558      0xa13 ./Core/Src/tim.o
 .debug_info    0x00006f6b      0x9eb ./Core/Src/time_utils.o
 .debug_info    0x00007956      0x975 ./Core/Src/usart.o
 .debug_info    0x000082cb      0x8ca ./Core/Src/usart_io.o
 .debug_info    0x00008b95       0x30 ./Core/Startup/startup_stm32f103c8tx.o
 .debug_info    0x00008bc5      0x704 ./Drivers/STM32F1xx_HAL_Driver/Src/stm32f1xx_hal.o
 .debug_info    0x000092c9      0xa87 ./Drivers/STM32F1xx_HAL_Driver/Src/stm32f1xx_hal_cortex.o
 .debug_info    0x00009d50      0x6d2 ./Drivers/STM32F1xx_HAL_Driver/Src/stm32f1xx_hal_dma.o
 .debug_info    0x0000a422      0x4f8 ./Drivers/STM32F1xx_HAL_Driver/Src/stm32f1xx_hal_flash.o
 .debug_info    0x0000a91a      0x777 ./Drivers/STM32F1xx_HAL_Driver/Src/stm32f1xx_hal_flash_ex.o
 .debug_info    0x0000b091      0x5ab ./Drivers/STM32F1xx_HAL_Driver/Src/stm32f1xx_hal_gpio.o
 .debug_info    0x0000b63c     0x2524 ./Drivers/STM32F1xx_HAL_Driver/Src/stm32f1xx_hal_i2c.o
 .debug_info    0x0000db60      0x628 ./Drivers/STM32F1xx_HAL_Driver/Src/stm32f1xx_hal_pwr.o
 .debug_info    0x0000e188      0x7d5 ./Drivers/STM32F1xx_HAL_Driver/Src/stm32f1xx_hal_rcc.o
 .debug_info    0x0000e95d      0x3c0 ./Drivers/STM32F1xx_HAL_Driver/Src/stm32f1xx_hal_rcc_ex.o
 .debug_info    0x0000ed1d      0xc73 ./Drivers/STM32F1xx_HAL_Driver/Src/stm32f1xx_hal_rtc.o
 .debug_info    0x0000f990     0x2959 ./Drivers/STM32F1xx_HAL_Driver/Src/stm32f1xx_hal_tim.o
 .debug_info    0x000122e9     0x149b ./Drivers/STM32F1xx_HAL_Driver/Src/stm32f1xx_hal_tim_ex.o
 .debug_info    0x00013784     0x2eed ./Drivers/STM32F1xx_HAL_Driver/Src/stm32f1xx_hal_uart.o

.debug_abbrev   0x00000000     0x409f
 .debug_abbrev  0x00000000      0x23b ./Core/Src/callbacks.o
 .debug_abbrev  0x0000023b      0x20c ./Core/Src/command_handler.o
 .debug_abbrev  0x00000447       0xfc ./Core/Src/dma.o
 .debug_abbrev  0x00000543      0x19b ./Core/Src/flash_utils.o
 .debug_abbrev  0x000006de      0x13f ./Core/Src/gpio.o
 .debug_abbrev  0x0000081d      0x213 ./Core/Src/i2c.o
 .debug_abbrev  0x00000a30      0x200 ./Core/Src/lis3dhtr.o
 .debug_abbrev  0x00000c30      0x254 ./Core/Src/main.o
 .debug_abbrev  0x00000e84      0x1bb ./Core/Src/rtc.o
 .debug_abbrev  0x0000103f      0x103 ./Core/Src/sensors_data.o
 .debug_abbrev  0x00001142      0x123 ./Core/Src/serial_parser.o
 .debug_abbrev  0x00001265      0x1ac ./Core/Src/sht40.o
 .debug_abbrev  0x00001411       0xdb ./Core/Src/stm32f1xx_hal_msp.o
 .debug_abbrev  0x000014ec      0x1b6 ./Core/Src/stm32f1xx_it.o
 .debug_abbrev  0x000016a2      0x13f ./Core/Src/system_stm32f1xx.o
 .debug_abbrev  0x000017e1      0x220 ./Core/Src/tim.o
 .debug_abbrev  0x00001a01      0x20b ./Core/Src/time_utils.o
 .debug_abbrev  0x00001c0c      0x21b ./Core/Src/usart.o
 .debug_abbrev  0x00001e27      0x1f0 ./Core/Src/usart_io.o
 .debug_abbrev  0x00002017       0x24 ./Core/Startup/startup_stm32f103c8tx.o
 .debug_abbrev  0x0000203b      0x201 ./Drivers/STM32F1xx_HAL_Driver/Src/stm32f1xx_hal.o
 .debug_abbrev  0x0000223c      0x2f8 ./Drivers/STM32F1xx_HAL_Driver/Src/stm32f1xx_hal_cortex.o
 .debug_abbrev  0x00002534      0x20b ./Drivers/STM32F1xx_HAL_Driver/Src/stm32f1xx_hal_dma.o
 .debug_abbrev  0x0000273f      0x250 ./Drivers/STM32F1xx_HAL_Driver/Src/stm32f1xx_hal_flash.o
 .debug_abbrev  0x0000298f      0x247 ./Drivers/STM32F1xx_HAL_Driver/Src/stm32f1xx_hal_flash_ex.o
 .debug_abbrev  0x00002bd6      0x1ca ./Drivers/STM32F1xx_HAL_Driver/Src/stm32f1xx_hal_gpio.o
 .debug_abbrev  0x00002da0      0x2a3 ./Drivers/STM32F1xx_HAL_Driver/Src/stm32f1xx_hal_i2c.o
 .debug_abbrev  0x00003043      0x1f6 ./Drivers/STM32F1xx_HAL_Driver/Src/stm32f1xx_hal_pwr.o
 .debug_abbrev  0x00003239      0x2b3 ./Drivers/STM32F1xx_HAL_Driver/Src/stm32f1xx_hal_rcc.o
 .debug_abbrev  0x000034ec      0x188 ./Drivers/STM32F1xx_HAL_Driver/Src/stm32f1xx_hal_rcc_ex.o
 .debug_abbrev  0x00003674      0x23a ./Drivers/STM32F1xx_HAL_Driver/Src/stm32f1xx_hal_rtc.o
 .debug_abbrev  0x000038ae      0x277 ./Drivers/STM32F1xx_HAL_Driver/Src/stm32f1xx_hal_tim.o
 .debug_abbrev  0x00003b25      0x282 ./Drivers/STM32F1xx_HAL_Driver/Src/stm32f1xx_hal_tim_ex.o
 .debug_abbrev  0x00003da7      0x2f8 ./Drivers/STM32F1xx_HAL_Driver/Src/stm32f1xx_hal_uart.o

.debug_aranges  0x00000000     0x1468
 .debug_aranges
                0x00000000       0x30 ./Core/Src/callbacks.o
 .debug_aranges
                0x00000030       0x28 ./Core/Src/command_handler.o
 .debug_aranges
                0x00000058       0x20 ./Core/Src/dma.o
 .debug_aranges
                0x00000078       0x30 ./Core/Src/flash_utils.o
 .debug_aranges
                0x000000a8       0x20 ./Core/Src/gpio.o
 .debug_aranges
                0x000000c8       0x30 ./Core/Src/i2c.o
 .debug_aranges
                0x000000f8       0x68 ./Core/Src/lis3dhtr.o
 .debug_aranges
                0x00000160       0x38 ./Core/Src/main.o
 .debug_aranges
                0x00000198       0x30 ./Core/Src/rtc.o
 .debug_aranges
                0x000001c8       0x20 ./Core/Src/sensors_data.o
 .debug_aranges
                0x000001e8       0x28 ./Core/Src/serial_parser.o
 .debug_aranges
                0x00000210       0x30 ./Core/Src/sht40.o
 .debug_aranges
                0x00000240       0x20 ./Core/Src/stm32f1xx_hal_msp.o
 .debug_aranges
                0x00000260       0xa8 ./Core/Src/stm32f1xx_it.o
 .debug_aranges
                0x00000308       0x28 ./Core/Src/system_stm32f1xx.o
 .debug_aranges
                0x00000330       0x30 ./Core/Src/tim.o
 .debug_aranges
                0x00000360       0x38 ./Core/Src/time_utils.o
 .debug_aranges
                0x00000398       0x30 ./Core/Src/usart.o
 .debug_aranges
                0x000003c8       0x58 ./Core/Src/usart_io.o
 .debug_aranges
                0x00000420       0x28 ./Core/Startup/startup_stm32f103c8tx.o
 .debug_aranges
                0x00000448       0xe0 ./Drivers/STM32F1xx_HAL_Driver/Src/stm32f1xx_hal.o
 .debug_aranges
                0x00000528      0x100 ./Drivers/STM32F1xx_HAL_Driver/Src/stm32f1xx_hal_cortex.o
 .debug_aranges
                0x00000628       0x80 ./Drivers/STM32F1xx_HAL_Driver/Src/stm32f1xx_hal_dma.o
 .debug_aranges
                0x000006a8       0x88 ./Drivers/STM32F1xx_HAL_Driver/Src/stm32f1xx_hal_flash.o
 .debug_aranges
                0x00000730       0x98 ./Drivers/STM32F1xx_HAL_Driver/Src/stm32f1xx_hal_flash_ex.o
 .debug_aranges
                0x000007c8       0x58 ./Drivers/STM32F1xx_HAL_Driver/Src/stm32f1xx_hal_gpio.o
 .debug_aranges
                0x00000820      0x2a8 ./Drivers/STM32F1xx_HAL_Driver/Src/stm32f1xx_hal_i2c.o
 .debug_aranges
                0x00000ac8       0xa8 ./Drivers/STM32F1xx_HAL_Driver/Src/stm32f1xx_hal_pwr.o
 .debug_aranges
                0x00000b70       0x90 ./Drivers/STM32F1xx_HAL_Driver/Src/stm32f1xx_hal_rcc.o
 .debug_aranges
                0x00000c00       0x30 ./Drivers/STM32F1xx_HAL_Driver/Src/stm32f1xx_hal_rcc_ex.o
 .debug_aranges
                0x00000c30       0xf8 ./Drivers/STM32F1xx_HAL_Driver/Src/stm32f1xx_hal_rtc.o
 .debug_aranges
                0x00000d28      0x3d0 ./Drivers/STM32F1xx_HAL_Driver/Src/stm32f1xx_hal_tim.o
 .debug_aranges
                0x000010f8      0x168 ./Drivers/STM32F1xx_HAL_Driver/Src/stm32f1xx_hal_tim_ex.o
 .debug_aranges
                0x00001260      0x208 ./Drivers/STM32F1xx_HAL_Driver/Src/stm32f1xx_hal_uart.o

.debug_rnglists
                0x00000000      0xfc5
 .debug_rnglists
                0x00000000       0x20 ./Core/Src/callbacks.o
 .debug_rnglists
                0x00000020       0x1b ./Core/Src/command_handler.o
 .debug_rnglists
                0x0000003b       0x13 ./Core/Src/dma.o
 .debug_rnglists
                0x0000004e       0x21 ./Core/Src/flash_utils.o
 .debug_rnglists
                0x0000006f       0x14 ./Core/Src/gpio.o
 .debug_rnglists
                0x00000083       0x20 ./Core/Src/i2c.o
 .debug_rnglists
                0x000000a3       0x4d ./Core/Src/lis3dhtr.o
 .debug_rnglists
                0x000000f0       0x27 ./Core/Src/main.o
 .debug_rnglists
                0x00000117       0x20 ./Core/Src/rtc.o
 .debug_rnglists
                0x00000137       0x14 ./Core/Src/sensors_data.o
 .debug_rnglists
                0x0000014b       0x1a ./Core/Src/serial_parser.o
 .debug_rnglists
                0x00000165       0x1f ./Core/Src/sht40.o
 .debug_rnglists
                0x00000184       0x13 ./Core/Src/stm32f1xx_hal_msp.o
 .debug_rnglists
                0x00000197       0x79 ./Core/Src/stm32f1xx_it.o
 .debug_rnglists
                0x00000210       0x1a ./Core/Src/system_stm32f1xx.o
 .debug_rnglists
                0x0000022a       0x21 ./Core/Src/tim.o
 .debug_rnglists
                0x0000024b       0x26 ./Core/Src/time_utils.o
 .debug_rnglists
                0x00000271       0x20 ./Core/Src/usart.o
 .debug_rnglists
                0x00000291       0x42 ./Core/Src/usart_io.o
 .debug_rnglists
                0x000002d3       0x19 ./Core/Startup/startup_stm32f103c8tx.o
 .debug_rnglists
                0x000002ec       0xa3 ./Drivers/STM32F1xx_HAL_Driver/Src/stm32f1xx_hal.o
 .debug_rnglists
                0x0000038f       0xbb ./Drivers/STM32F1xx_HAL_Driver/Src/stm32f1xx_hal_cortex.o
 .debug_rnglists
                0x0000044a       0x64 ./Drivers/STM32F1xx_HAL_Driver/Src/stm32f1xx_hal_dma.o
 .debug_rnglists
                0x000004ae       0x66 ./Drivers/STM32F1xx_HAL_Driver/Src/stm32f1xx_hal_flash.o
 .debug_rnglists
                0x00000514       0x73 ./Drivers/STM32F1xx_HAL_Driver/Src/stm32f1xx_hal_flash_ex.o
 .debug_rnglists
                0x00000587       0x3f ./Drivers/STM32F1xx_HAL_Driver/Src/stm32f1xx_hal_gpio.o
 .debug_rnglists
                0x000005c6      0x23c ./Drivers/STM32F1xx_HAL_Driver/Src/stm32f1xx_hal_i2c.o
 .debug_rnglists
                0x00000802       0x7a ./Drivers/STM32F1xx_HAL_Driver/Src/stm32f1xx_hal_pwr.o
 .debug_rnglists
                0x0000087c       0x6c ./Drivers/STM32F1xx_HAL_Driver/Src/stm32f1xx_hal_rcc.o
 .debug_rnglists
                0x000008e8       0x21 ./Drivers/STM32F1xx_HAL_Driver/Src/stm32f1xx_hal_rcc_ex.o
 .debug_rnglists
                0x00000909       0xc1 ./Drivers/STM32F1xx_HAL_Driver/Src/stm32f1xx_hal_rtc.o
 .debug_rnglists
                0x000009ca      0x31a ./Drivers/STM32F1xx_HAL_Driver/Src/stm32f1xx_hal_tim.o
 .debug_rnglists
                0x00000ce4      0x125 ./Drivers/STM32F1xx_HAL_Driver/Src/stm32f1xx_hal_tim_ex.o
 .debug_rnglists
                0x00000e09      0x1bc ./Drivers/STM32F1xx_HAL_Driver/Src/stm32f1xx_hal_uart.o

.debug_macro    0x00000000    0x1aaed
 .debug_macro   0x00000000      0x247 ./Core/Src/callbacks.o
 .debug_macro   0x00000247      0xacc ./Core/Src/callbacks.o
 .debug_macro   0x00000d13       0x22 ./Core/Src/callbacks.o
 .debug_macro   0x00000d35       0x8e ./Core/Src/callbacks.o
 .debug_macro   0x00000dc3       0x51 ./Core/Src/callbacks.o
 .debug_macro   0x00000e14      0x103 ./Core/Src/callbacks.o
 .debug_macro   0x00000f17       0x6a ./Core/Src/callbacks.o
 .debug_macro   0x00000f81      0x1df ./Core/Src/callbacks.o
 .debug_macro   0x00001160      0x22d ./Core/Src/callbacks.o
 .debug_macro   0x0000138d       0x2e ./Core/Src/callbacks.o
 .debug_macro   0x000013bb       0x22 ./Core/Src/callbacks.o
 .debug_macro   0x000013dd       0x1c ./Core/Src/callbacks.o
 .debug_macro   0x000013f9       0x22 ./Core/Src/callbacks.o
 .debug_macro   0x0000141b       0xbd ./Core/Src/callbacks.o
 .debug_macro   0x000014d8      0xd23 ./Core/Src/callbacks.o
 .debug_macro   0x000021fb     0xe09e ./Core/Src/callbacks.o
 .debug_macro   0x00010299       0x6d ./Core/Src/callbacks.o
 .debug_macro   0x00010306     0x34a2 ./Core/Src/callbacks.o
 .debug_macro   0x000137a8      0x190 ./Core/Src/callbacks.o
 .debug_macro   0x00013938       0x5c ./Core/Src/callbacks.o
 .debug_macro   0x00013994      0x5bc ./Core/Src/callbacks.o
 .debug_macro   0x00013f50      0x289 ./Core/Src/callbacks.o
 .debug_macro   0x000141d9      0x1cb ./Core/Src/callbacks.o
 .debug_macro   0x000143a4      0x114 ./Core/Src/callbacks.o
 .debug_macro   0x000144b8      0x1b2 ./Core/Src/callbacks.o
 .debug_macro   0x0001466a       0x27 ./Core/Src/callbacks.o
 .debug_macro   0x00014691      0x136 ./Core/Src/callbacks.o
 .debug_macro   0x000147c7      0x1bc ./Core/Src/callbacks.o
 .debug_macro   0x00014983       0x34 ./Core/Src/callbacks.o
 .debug_macro   0x000149b7       0x3c ./Core/Src/callbacks.o
 .debug_macro   0x000149f3       0x57 ./Core/Src/callbacks.o
 .debug_macro   0x00014a4a       0x87 ./Core/Src/callbacks.o
 .debug_macro   0x00014ad1      0x240 ./Core/Src/callbacks.o
 .debug_macro   0x00014d11      0x287 ./Core/Src/callbacks.o
 .debug_macro   0x00014f98      0x140 ./Core/Src/callbacks.o
 .debug_macro   0x000150d8      0x1ef ./Core/Src/callbacks.o
 .debug_macro   0x000152c7       0xeb ./Core/Src/callbacks.o
 .debug_macro   0x000153b2      0x8ed ./Core/Src/callbacks.o
 .debug_macro   0x00015c9f      0x28e ./Core/Src/callbacks.o
 .debug_macro   0x00015f2d       0x83 ./Core/Src/callbacks.o
 .debug_macro   0x00015fb0       0x34 ./Core/Src/callbacks.o
 .debug_macro   0x00015fe4       0x1c ./Core/Src/callbacks.o
 .debug_macro   0x00016000       0x10 ./Core/Src/callbacks.o
 .debug_macro   0x00016010       0x10 ./Core/Src/callbacks.o
 .debug_macro   0x00016020      0x219 ./Core/Src/command_handler.o
 .debug_macro   0x00016239      0x1d5 ./Core/Src/dma.o
 .debug_macro   0x0001640e      0x20b ./Core/Src/flash_utils.o
 .debug_macro   0x00016619      0x1d5 ./Core/Src/gpio.o
 .debug_macro   0x000167ee      0x1d5 ./Core/Src/i2c.o
 .debug_macro   0x000169c3      0x2a8 ./Core/Src/lis3dhtr.o
 .debug_macro   0x00016c6b       0x2e ./Core/Src/lis3dhtr.o
 .debug_macro   0x00016c99       0x61 ./Core/Src/lis3dhtr.o
 .debug_macro   0x00016cfa       0x24 ./Core/Src/lis3dhtr.o
 .debug_macro   0x00016d1e       0x43 ./Core/Src/lis3dhtr.o
 .debug_macro   0x00016d61       0x34 ./Core/Src/lis3dhtr.o
 .debug_macro   0x00016d95      0x370 ./Core/Src/lis3dhtr.o
 .debug_macro   0x00017105       0x16 ./Core/Src/lis3dhtr.o
 .debug_macro   0x0001711b       0x4a ./Core/Src/lis3dhtr.o
 .debug_macro   0x00017165       0x34 ./Core/Src/lis3dhtr.o
 .debug_macro   0x00017199       0x10 ./Core/Src/lis3dhtr.o
 .debug_macro   0x000171a9       0x58 ./Core/Src/lis3dhtr.o
 .debug_macro   0x00017201       0x8e ./Core/Src/lis3dhtr.o
 .debug_macro   0x0001728f       0x1c ./Core/Src/lis3dhtr.o
 .debug_macro   0x000172ab      0x185 ./Core/Src/lis3dhtr.o
 .debug_macro   0x00017430       0x10 ./Core/Src/lis3dhtr.o
 .debug_macro   0x00017440       0x3c ./Core/Src/lis3dhtr.o
 .debug_macro   0x0001747c       0x20 ./Core/Src/lis3dhtr.o
 .debug_macro   0x0001749c      0x37c ./Core/Src/main.o
 .debug_macro   0x00017818       0x16 ./Core/Src/main.o
 .debug_macro   0x0001782e       0x10 ./Core/Src/main.o
 .debug_macro   0x0001783e       0x16 ./Core/Src/main.o
 .debug_macro   0x00017854       0x16 ./Core/Src/main.o
 .debug_macro   0x0001786a      0x146 ./Core/Src/main.o
 .debug_macro   0x000179b0       0x16 ./Core/Src/main.o
 .debug_macro   0x000179c6      0x1d5 ./Core/Src/rtc.o
 .debug_macro   0x00017b9b      0x316 ./Core/Src/sensors_data.o
 .debug_macro   0x00017eb1      0x19b ./Core/Src/sensors_data.o
 .debug_macro   0x0001804c       0x16 ./Core/Src/sensors_data.o
 .debug_macro   0x00018062       0x16 ./Core/Src/sensors_data.o
 .debug_macro   0x00018078       0x29 ./Core/Src/sensors_data.o
 .debug_macro   0x000180a1      0x149 ./Core/Src/serial_parser.o
 .debug_macro   0x000181ea      0x1d0 ./Core/Src/sht40.o
 .debug_macro   0x000183ba       0x16 ./Core/Src/sht40.o
 .debug_macro   0x000183d0      0x1cb ./Core/Src/stm32f1xx_hal_msp.o
 .debug_macro   0x0001859b      0x1d5 ./Core/Src/stm32f1xx_it.o
 .debug_macro   0x00018770      0x1c1 ./Core/Src/system_stm32f1xx.o
 .debug_macro   0x00018931      0x1d5 ./Core/Src/tim.o
 .debug_macro   0x00018b06      0x1e9 ./Core/Src/time_utils.o
 .debug_macro   0x00018cef      0x1d5 ./Core/Src/usart.o
 .debug_macro   0x00018ec4      0x229 ./Core/Src/usart_io.o
 .debug_macro   0x000190ed      0x1e5 ./Drivers/STM32F1xx_HAL_Driver/Src/stm32f1xx_hal.o
 .debug_macro   0x000192d2      0x1c1 ./Drivers/STM32F1xx_HAL_Driver/Src/stm32f1xx_hal_cortex.o
 .debug_macro   0x00019493      0x1c1 ./Drivers/STM32F1xx_HAL_Driver/Src/stm32f1xx_hal_dma.o
 .debug_macro   0x00019654      0x1c1 ./Drivers/STM32F1xx_HAL_Driver/Src/stm32f1xx_hal_flash.o
 .debug_macro   0x00019815      0x1d3 ./Drivers/STM32F1xx_HAL_Driver/Src/stm32f1xx_hal_flash_ex.o
 .debug_macro   0x000199e8      0x22c ./Drivers/STM32F1xx_HAL_Driver/Src/stm32f1xx_hal_gpio.o
 .debug_macro   0x00019c14      0x20f ./Drivers/STM32F1xx_HAL_Driver/Src/stm32f1xx_hal_i2c.o
 .debug_macro   0x00019e23      0x221 ./Drivers/STM32F1xx_HAL_Driver/Src/stm32f1xx_hal_pwr.o
 .debug_macro   0x0001a044      0x1d3 ./Drivers/STM32F1xx_HAL_Driver/Src/stm32f1xx_hal_rcc.o
 .debug_macro   0x0001a217      0x1c1 ./Drivers/STM32F1xx_HAL_Driver/Src/stm32f1xx_hal_rcc_ex.o
 .debug_macro   0x0001a3d8      0x1d0 ./Drivers/STM32F1xx_HAL_Driver/Src/stm32f1xx_hal_rtc.o
 .debug_macro   0x0001a5a8      0x1c2 ./Drivers/STM32F1xx_HAL_Driver/Src/stm32f1xx_hal_tim.o
 .debug_macro   0x0001a76a      0x1c1 ./Drivers/STM32F1xx_HAL_Driver/Src/stm32f1xx_hal_tim_ex.o
 .debug_macro   0x0001a92b      0x1c2 ./Drivers/STM32F1xx_HAL_Driver/Src/stm32f1xx_hal_uart.o

.debug_line     0x00000000    0x1b97b
 .debug_line    0x00000000      0x820 ./Core/Src/callbacks.o
 .debug_line    0x00000820      0x8bd ./Core/Src/command_handler.o
 .debug_line    0x000010dd      0x6dd ./Core/Src/dma.o
 .debug_line    0x000017ba      0x81b ./Core/Src/flash_utils.o
 .debug_line    0x00001fd5      0x6e8 ./Core/Src/gpio.o
 .debug_line    0x000026bd      0x797 ./Core/Src/i2c.o
 .debug_line    0x00002e54      0xa84 ./Core/Src/lis3dhtr.o
 .debug_line    0x000038d8      0x9fc ./Core/Src/main.o
 .debug_line    0x000042d4      0x751 ./Core/Src/rtc.o
 .debug_line    0x00004a25      0x96d ./Core/Src/sensors_data.o
 .debug_line    0x00005392      0x5e8 ./Core/Src/serial_parser.o
 .debug_line    0x0000597a      0x74b ./Core/Src/sht40.o
 .debug_line    0x000060c5      0x6da ./Core/Src/stm32f1xx_hal_msp.o
 .debug_line    0x0000679f      0x860 ./Core/Src/stm32f1xx_it.o
 .debug_line    0x00006fff      0x758 ./Core/Src/system_stm32f1xx.o
 .debug_line    0x00007757      0x77a ./Core/Src/tim.o
 .debug_line    0x00007ed1      0x79f ./Core/Src/time_utils.o
 .debug_line    0x00008670      0x79e ./Core/Src/usart.o
 .debug_line    0x00008e0e      0xa29 ./Core/Src/usart_io.o
 .debug_line    0x00009837       0x78 ./Core/Startup/startup_stm32f103c8tx.o
 .debug_line    0x000098af      0x989 ./Drivers/STM32F1xx_HAL_Driver/Src/stm32f1xx_hal.o
 .debug_line    0x0000a238      0xb53 ./Drivers/STM32F1xx_HAL_Driver/Src/stm32f1xx_hal_cortex.o
 .debug_line    0x0000ad8b      0xd93 ./Drivers/STM32F1xx_HAL_Driver/Src/stm32f1xx_hal_dma.o
 .debug_line    0x0000bb1e      0xa3d ./Drivers/STM32F1xx_HAL_Driver/Src/stm32f1xx_hal_flash.o
 .debug_line    0x0000c55b      0xb50 ./Drivers/STM32F1xx_HAL_Driver/Src/stm32f1xx_hal_flash_ex.o
 .debug_line    0x0000d0ab      0x9e6 ./Drivers/STM32F1xx_HAL_Driver/Src/stm32f1xx_hal_gpio.o
 .debug_line    0x0000da91     0x3b86 ./Drivers/STM32F1xx_HAL_Driver/Src/stm32f1xx_hal_i2c.o
 .debug_line    0x00011617      0x92d ./Drivers/STM32F1xx_HAL_Driver/Src/stm32f1xx_hal_pwr.o
 .debug_line    0x00011f44      0xe42 ./Drivers/STM32F1xx_HAL_Driver/Src/stm32f1xx_hal_rcc.o
 .debug_line    0x00012d86      0x8f4 ./Drivers/STM32F1xx_HAL_Driver/Src/stm32f1xx_hal_rcc_ex.o
 .debug_line    0x0001367a     0x1198 ./Drivers/STM32F1xx_HAL_Driver/Src/stm32f1xx_hal_rtc.o
 .debug_line    0x00014812     0x3477 ./Drivers/STM32F1xx_HAL_Driver/Src/stm32f1xx_hal_tim.o
 .debug_line    0x00017c89     0x184d ./Drivers/STM32F1xx_HAL_Driver/Src/stm32f1xx_hal_tim_ex.o
 .debug_line    0x000194d6     0x24a5 ./Drivers/STM32F1xx_HAL_Driver/Src/stm32f1xx_hal_uart.o

.debug_str      0x00000000    0x90361
 .debug_str     0x00000000    0x90361 ./Core/Src/callbacks.o
                              0x87757 (size before relaxing)
 .debug_str     0x00090361    0x87469 ./Core/Src/command_handler.o
 .debug_str     0x00090361    0x86d53 ./Core/Src/dma.o
 .debug_str     0x00090361    0x86e94 ./Core/Src/flash_utils.o
 .debug_str     0x00090361    0x86af5 ./Core/Src/gpio.o
 .debug_str     0x00090361    0x87300 ./Core/Src/i2c.o
 .debug_str     0x00090361    0x8a2c2 ./Core/Src/lis3dhtr.o
 .debug_str     0x00090361    0x8b091 ./Core/Src/main.o
 .debug_str     0x00090361    0x86caf ./Core/Src/rtc.o
 .debug_str     0x00090361    0x8a6b4 ./Core/Src/sensors_data.o
 .debug_str     0x00090361     0x736b ./Core/Src/serial_parser.o
 .debug_str     0x00090361    0x86f8a ./Core/Src/sht40.o
 .debug_str     0x00090361    0x86a7d ./Core/Src/stm32f1xx_hal_msp.o
 .debug_str     0x00090361    0x87571 ./Core/Src/stm32f1xx_it.o
 .debug_str     0x00090361    0x86aa8 ./Core/Src/system_stm32f1xx.o
 .debug_str     0x00090361    0x873db ./Core/Src/tim.o
 .debug_str     0x00090361    0x87133 ./Core/Src/time_utils.o
 .debug_str     0x00090361    0x87292 ./Core/Src/usart.o
 .debug_str     0x00090361    0x87165 ./Core/Src/usart_io.o
 .debug_str     0x00090361       0x87 ./Core/Startup/startup_stm32f103c8tx.o
 .debug_str     0x00090361    0x871db ./Drivers/STM32F1xx_HAL_Driver/Src/stm32f1xx_hal.o
 .debug_str     0x00090361    0x87127 ./Drivers/STM32F1xx_HAL_Driver/Src/stm32f1xx_hal_cortex.o
 .debug_str     0x00090361    0x86e51 ./Drivers/STM32F1xx_HAL_Driver/Src/stm32f1xx_hal_dma.o
 .debug_str     0x00090361    0x86d83 ./Drivers/STM32F1xx_HAL_Driver/Src/stm32f1xx_hal_flash.o
 .debug_str     0x00090361    0x86f31 ./Drivers/STM32F1xx_HAL_Driver/Src/stm32f1xx_hal_flash_ex.o
 .debug_str     0x00090361    0x86e2e ./Drivers/STM32F1xx_HAL_Driver/Src/stm32f1xx_hal_gpio.o
 .debug_str     0x00090361    0x87b6f ./Drivers/STM32F1xx_HAL_Driver/Src/stm32f1xx_hal_i2c.o
 .debug_str     0x00090361    0x86fdf ./Drivers/STM32F1xx_HAL_Driver/Src/stm32f1xx_hal_pwr.o
 .debug_str     0x00090361    0x86ed7 ./Drivers/STM32F1xx_HAL_Driver/Src/stm32f1xx_hal_rcc.o
 .debug_str     0x00090361    0x86c27 ./Drivers/STM32F1xx_HAL_Driver/Src/stm32f1xx_hal_rcc_ex.o
 .debug_str     0x00090361    0x86fb3 ./Drivers/STM32F1xx_HAL_Driver/Src/stm32f1xx_hal_rtc.o
 .debug_str     0x00090361    0x87ed9 ./Drivers/STM32F1xx_HAL_Driver/Src/stm32f1xx_hal_tim.o
 .debug_str     0x00090361    0x876e5 ./Drivers/STM32F1xx_HAL_Driver/Src/stm32f1xx_hal_tim_ex.o
 .debug_str     0x00090361    0x87548 ./Drivers/STM32F1xx_HAL_Driver/Src/stm32f1xx_hal_uart.o

.comment        0x00000000       0x43
 .comment       0x00000000       0x43 ./Core/Src/callbacks.o
                                 0x44 (size before relaxing)
 .comment       0x00000043       0x44 ./Core/Src/command_handler.o
 .comment       0x00000043       0x44 ./Core/Src/dma.o
 .comment       0x00000043       0x44 ./Core/Src/flash_utils.o
 .comment       0x00000043       0x44 ./Core/Src/gpio.o
 .comment       0x00000043       0x44 ./Core/Src/i2c.o
 .comment       0x00000043       0x44 ./Core/Src/lis3dhtr.o
 .comment       0x00000043       0x44 ./Core/Src/main.o
 .comment       0x00000043       0x44 ./Core/Src/rtc.o
 .comment       0x00000043       0x44 ./Core/Src/sensors_data.o
 .comment       0x00000043       0x44 ./Core/Src/serial_parser.o
 .comment       0x00000043       0x44 ./Core/Src/sht40.o
 .comment       0x00000043       0x44 ./Core/Src/stm32f1xx_hal_msp.o
 .comment       0x00000043       0x44 ./Core/Src/stm32f1xx_it.o
 .comment       0x00000043       0x44 ./Core/Src/system_stm32f1xx.o
 .comment       0x00000043       0x44 ./Core/Src/tim.o
 .comment       0x00000043       0x44 ./Core/Src/time_utils.o
 .comment       0x00000043       0x44 ./Core/Src/usart.o
 .comment       0x00000043       0x44 ./Core/Src/usart_io.o
 .comment       0x00000043       0x44 ./Drivers/STM32F1xx_HAL_Driver/Src/stm32f1xx_hal.o
 .comment       0x00000043       0x44 ./Drivers/STM32F1xx_HAL_Driver/Src/stm32f1xx_hal_cortex.o
 .comment       0x00000043       0x44 ./Drivers/STM32F1xx_HAL_Driver/Src/stm32f1xx_hal_dma.o
 .comment       0x00000043       0x44 ./Drivers/STM32F1xx_HAL_Driver/Src/stm32f1xx_hal_flash.o
 .comment       0x00000043       0x44 ./Drivers/STM32F1xx_HAL_Driver/Src/stm32f1xx_hal_flash_ex.o
 .comment       0x00000043       0x44 ./Drivers/STM32F1xx_HAL_Driver/Src/stm32f1xx_hal_gpio.o
 .comment       0x00000043       0x44 ./Drivers/STM32F1xx_HAL_Driver/Src/stm32f1xx_hal_i2c.o
 .comment       0x00000043       0x44 ./Drivers/STM32F1xx_HAL_Driver/Src/stm32f1xx_hal_pwr.o
 .comment       0x00000043       0x44 ./Drivers/STM32F1xx_HAL_Driver/Src/stm32f1xx_hal_rcc.o
 .comment       0x00000043       0x44 ./Drivers/STM32F1xx_HAL_Driver/Src/stm32f1xx_hal_rcc_ex.o
 .comment       0x00000043       0x44 ./Drivers/STM32F1xx_HAL_Driver/Src/stm32f1xx_hal_rtc.o
 .comment       0x00000043       0x44 ./Drivers/STM32F1xx_HAL_Driver/Src/stm32f1xx_hal_tim.o
 .comment       0x00000043       0x44 ./Drivers/STM32F1xx_HAL_Driver/Src/stm32f1xx_hal_tim_ex.o
 .comment       0x00000043       0x44 ./Drivers/STM32F1xx_HAL_Driver/Src/stm32f1xx_hal_uart.o

.debug_frame    0x00000000     0x51fc
 .debug_frame   0x00000000       0x80 ./Core/Src/callbacks.o
 .debug_frame   0x00000080       0x60 ./Core/Src/command_handler.o
 .debug_frame   0x000000e0       0x34 ./Core/Src/dma.o
 .debug_frame   0x00000114       0x84 ./Core/Src/flash_utils.o
 .debug_frame   0x00000198       0x34 ./Core/Src/gpio.o
 .debug_frame   0x000001cc       0x74 ./Core/Src/i2c.o
 .debug_frame   0x00000240      0x188 ./Core/Src/lis3dhtr.o
 .debug_frame   0x000003c8       0x88 ./Core/Src/main.o
 .debug_frame   0x00000450       0x80 ./Core/Src/rtc.o
 .debug_frame   0x000004d0       0x34 ./Core/Src/sensors_data.o
 .debug_frame   0x00000504       0x50 ./Core/Src/serial_parser.o
 .debug_frame   0x00000554       0x7c ./Core/Src/sht40.o
 .debug_frame   0x000005d0       0x38 ./Core/Src/stm32f1xx_hal_msp.o
 .debug_frame   0x00000608      0x200 ./Core/Src/stm32f1xx_it.o
 .debug_frame   0x00000808       0x58 ./Core/Src/system_stm32f1xx.o
 .debug_frame   0x00000860       0x7c ./Core/Src/tim.o
 .debug_frame   0x000008dc       0xac ./Core/Src/time_utils.o
 .debug_frame   0x00000988       0x74 ./Core/Src/usart.o
 .debug_frame   0x000009fc      0x104 ./Core/Src/usart_io.o
 .debug_frame   0x00000b00      0x334 ./Drivers/STM32F1xx_HAL_Driver/Src/stm32f1xx_hal.o
 .debug_frame   0x00000e34      0x428 ./Drivers/STM32F1xx_HAL_Driver/Src/stm32f1xx_hal_cortex.o
 .debug_frame   0x0000125c      0x208 ./Drivers/STM32F1xx_HAL_Driver/Src/stm32f1xx_hal_dma.o
 .debug_frame   0x00001464      0x20c ./Drivers/STM32F1xx_HAL_Driver/Src/stm32f1xx_hal_flash.o
 .debug_frame   0x00001670      0x258 ./Drivers/STM32F1xx_HAL_Driver/Src/stm32f1xx_hal_flash_ex.o
 .debug_frame   0x000018c8      0x14c ./Drivers/STM32F1xx_HAL_Driver/Src/stm32f1xx_hal_gpio.o
 .debug_frame   0x00001a14      0xc84 ./Drivers/STM32F1xx_HAL_Driver/Src/stm32f1xx_hal_i2c.o
 .debug_frame   0x00002698      0x270 ./Drivers/STM32F1xx_HAL_Driver/Src/stm32f1xx_hal_pwr.o
 .debug_frame   0x00002908      0x218 ./Drivers/STM32F1xx_HAL_Driver/Src/stm32f1xx_hal_rcc.o
 .debug_frame   0x00002b20       0x80 ./Drivers/STM32F1xx_HAL_Driver/Src/stm32f1xx_hal_rcc_ex.o
 .debug_frame   0x00002ba0      0x434 ./Drivers/STM32F1xx_HAL_Driver/Src/stm32f1xx_hal_rtc.o
 .debug_frame   0x00002fd4     0x11b8 ./Drivers/STM32F1xx_HAL_Driver/Src/stm32f1xx_hal_tim.o
 .debug_frame   0x0000418c      0x638 ./Drivers/STM32F1xx_HAL_Driver/Src/stm32f1xx_hal_tim_ex.o
 .debug_frame   0x000047c4      0x944 ./Drivers/STM32F1xx_HAL_Driver/Src/stm32f1xx_hal_uart.o
 .debug_frame   0x00005108       0x20 /Applications/STM32CubeIDE.app/Contents/Eclipse/plugins/com.st.stm32cube.ide.mcu.externaltools.gnu-tools-for-stm32.13.3.rel1.macos64_1.0.0.202411102158/tools/bin/../lib/gcc/arm-none-eabi/13.3.1/../../../../arm-none-eabi/lib/thumb/v7-m/nofp/libc_nano.a(libc_a-memset.o)
 .debug_frame   0x00005128       0x2c /Applications/STM32CubeIDE.app/Contents/Eclipse/plugins/com.st.stm32cube.ide.mcu.externaltools.gnu-tools-for-stm32.13.3.rel1.macos64_1.0.0.202411102158/tools/bin/../lib/gcc/arm-none-eabi/13.3.1/../../../../arm-none-eabi/lib/thumb/v7-m/nofp/libc_nano.a(libc_a-init.o)
 .debug_frame   0x00005154       0x4c /Applications/STM32CubeIDE.app/Contents/Eclipse/plugins/com.st.stm32cube.ide.mcu.externaltools.gnu-tools-for-stm32.13.3.rel1.macos64_1.0.0.202411102158/tools/bin/../lib/gcc/arm-none-eabi/13.3.1/thumb/v7-m/nofp/libgcc.a(_arm_addsubsf3.o)
 .debug_frame   0x000051a0       0x38 /Applications/STM32CubeIDE.app/Contents/Eclipse/plugins/com.st.stm32cube.ide.mcu.externaltools.gnu-tools-for-stm32.13.3.rel1.macos64_1.0.0.202411102158/tools/bin/../lib/gcc/arm-none-eabi/13.3.1/thumb/v7-m/nofp/libgcc.a(_arm_muldivsf3.o)